Archive member included because of file (symbol)

c:/cmpe244/toolchain/bin/../lib/gcc/arm-none-eabi/4.9.3/../../../../arm-none-eabi/lib/armv7-m\libstdc++_nano.a(class_type_info.o)
                              ./L5_Application/source/remote.o (vtable for __cxxabiv1::__class_type_info)
c:/cmpe244/toolchain/bin/../lib/gcc/arm-none-eabi/4.9.3/../../../../arm-none-eabi/lib/armv7-m\libstdc++_nano.a(guard.o)
                              ./L5_Application/source/cmd_handlers/handlers.o (__cxa_guard_acquire)
c:/cmpe244/toolchain/bin/../lib/gcc/arm-none-eabi/4.9.3/../../../../arm-none-eabi/lib/armv7-m\libstdc++_nano.a(vmi_class_type_info.o)
                              ./L2_Drivers/src/nrf_stream.o (vtable for __cxxabiv1::__vmi_class_type_info)
c:/cmpe244/toolchain/bin/../lib/gcc/arm-none-eabi/4.9.3/../../../../arm-none-eabi/lib/armv7-m\libstdc++_nano.a(si_class_type_info.o)
                              ./L5_Application/source/remote.o (vtable for __cxxabiv1::__si_class_type_info)
c:/cmpe244/toolchain/bin/../lib/gcc/arm-none-eabi/4.9.3/../../../../arm-none-eabi/lib/armv7-m\libstdc++_nano.a(pure.o)
                              ./L3_Utils/src/scheduler_task.o (__cxa_pure_virtual)
c:/cmpe244/toolchain/bin/../lib/gcc/arm-none-eabi/4.9.3/../../../../arm-none-eabi/lib/armv7-m\libstdc++_nano.a(eh_terminate.o)
                              c:/cmpe244/toolchain/bin/../lib/gcc/arm-none-eabi/4.9.3/../../../../arm-none-eabi/lib/armv7-m\libstdc++_nano.a(pure.o) (std::terminate())
c:/cmpe244/toolchain/bin/../lib/gcc/arm-none-eabi/4.9.3/../../../../arm-none-eabi/lib/armv7-m\libstdc++_nano.a(tinfo.o)
                              c:/cmpe244/toolchain/bin/../lib/gcc/arm-none-eabi/4.9.3/../../../../arm-none-eabi/lib/armv7-m\libstdc++_nano.a(class_type_info.o) (std::type_info::~type_info())
c:/cmpe244/toolchain/bin/../lib/gcc/arm-none-eabi/4.9.3/../../../../arm-none-eabi/lib/armv7-m\libstdc++_nano.a(eh_unex_handler.o)
                              c:/cmpe244/toolchain/bin/../lib/gcc/arm-none-eabi/4.9.3/../../../../arm-none-eabi/lib/armv7-m\libstdc++_nano.a(eh_terminate.o) (__cxxabiv1::__unexpected_handler)
c:/cmpe244/toolchain/bin/../lib/gcc/arm-none-eabi/4.9.3/../../../../arm-none-eabi/lib/armv7-m\libstdc++_nano.a(eh_term_handler.o)
                              c:/cmpe244/toolchain/bin/../lib/gcc/arm-none-eabi/4.9.3/../../../../arm-none-eabi/lib/armv7-m\libstdc++_nano.a(eh_terminate.o) (__cxxabiv1::__terminate_handler)
c:/cmpe244/toolchain/bin/../lib/gcc/arm-none-eabi/4.9.3/armv7-m\libgcc.a(_ashldi3.o)
                              ./L0_LowLevel/source/lpc_peripherals.o (__aeabi_llsl)
c:/cmpe244/toolchain/bin/../lib/gcc/arm-none-eabi/4.9.3/armv7-m\libgcc.a(_arm_addsubdf3.o)
                              ./L5_Application/periodic_scheduler/period_callbacks.o (__aeabi_dadd)
c:/cmpe244/toolchain/bin/../lib/gcc/arm-none-eabi/4.9.3/armv7-m\libgcc.a(_arm_muldivdf3.o)
                              ./L5_Application/periodic_scheduler/period_callbacks.o (__aeabi_ddiv)
c:/cmpe244/toolchain/bin/../lib/gcc/arm-none-eabi/4.9.3/armv7-m\libgcc.a(_arm_fixunsdfsi.o)
                              ./L5_Application/periodic_scheduler/period_callbacks.o (__aeabi_d2uiz)
c:/cmpe244/toolchain/bin/../lib/gcc/arm-none-eabi/4.9.3/armv7-m\libgcc.a(_arm_truncdfsf2.o)
                              ./L5_Application/periodic_scheduler/gps_Node.o (__aeabi_d2f)
c:/cmpe244/toolchain/bin/../lib/gcc/arm-none-eabi/4.9.3/armv7-m\libgcc.a(_arm_addsubsf3.o)
                              ./L5_Application/source/cmd_handlers/handlers.o (__aeabi_fsub)
c:/cmpe244/toolchain/bin/../lib/gcc/arm-none-eabi/4.9.3/armv7-m\libgcc.a(_arm_muldivsf3.o)
                              ./L5_Application/source/cmd_handlers/handlers.o (__aeabi_fmul)
c:/cmpe244/toolchain/bin/../lib/gcc/arm-none-eabi/4.9.3/armv7-m\libgcc.a(_arm_cmpsf2.o)
                              ./L3_Utils/src/str.o (__aeabi_fcmplt)
c:/cmpe244/toolchain/bin/../lib/gcc/arm-none-eabi/4.9.3/armv7-m\libgcc.a(_arm_fixsfsi.o)
                              ./L5_Application/source/cmd_handlers/handlers.o (__aeabi_f2iz)
c:/cmpe244/toolchain/bin/../lib/gcc/arm-none-eabi/4.9.3/armv7-m\libgcc.a(_arm_fixunssfsi.o)
                              ./L5_Application/source/high_level_init.o (__aeabi_f2uiz)
c:/cmpe244/toolchain/bin/../lib/gcc/arm-none-eabi/4.9.3/armv7-m\libgcc.a(_aeabi_uldivmod.o)
                              ./L5_Application/source/cmd_handlers/handlers.o (__aeabi_uldivmod)
c:/cmpe244/toolchain/bin/../lib/gcc/arm-none-eabi/4.9.3/armv7-m\libgcc.a(bpabi.o)
                              c:/cmpe244/toolchain/bin/../lib/gcc/arm-none-eabi/4.9.3/armv7-m\libgcc.a(_aeabi_uldivmod.o) (__gnu_uldivmod_helper)
c:/cmpe244/toolchain/bin/../lib/gcc/arm-none-eabi/4.9.3/armv7-m\libgcc.a(_dvmd_tls.o)
                              c:/cmpe244/toolchain/bin/../lib/gcc/arm-none-eabi/4.9.3/armv7-m\libgcc.a(_aeabi_uldivmod.o) (__aeabi_ldiv0)
c:/cmpe244/toolchain/bin/../lib/gcc/arm-none-eabi/4.9.3/armv7-m\libgcc.a(_divdi3.o)
[...]
Memory Configuration

Name             Origin             Length             Attributes
FLASH            0x00010000         0x00070000         xr
SRAM             0x10000000         0x00008000         xrw
SRAM_AHB         0x2007c000         0x00008000         xrw
*default*        0x00000000         0xffffffff

Linker script and memory map

LOAD ./newlib/malloc_lock.o
LOAD ./newlib/memory.o
LOAD ./newlib/newlib_syscalls.o
LOAD ./newlib/newlib_time.o
LOAD ./L5_Application/source/cmd_handlers/handlers.o
LOAD ./L5_Application/source/cmd_handlers/prog_handlers.o
LOAD ./L5_Application/source/cmd_handlers/wireless_handlers.o
LOAD ./L5_Application/source/high_level_init.o
LOAD ./L5_Application/source/remote.o
LOAD ./L5_Application/source/terminal.o
LOAD ./L5_Application/periodic_scheduler/gps_Node.o
LOAD ./L5_Application/periodic_scheduler/period_callbacks.o
LOAD ./L5_Application/periodic_scheduler/prd_dispatcher.o
LOAD ./L5_Application/examples/examples.o
LOAD ./L5_Application/examples/rn_xv_task.o
LOAD ./L5_Application/main.o
LOAD ./L4_IO/wireless/src/mesh.o
LOAD ./L4_IO/wireless/src/nrf24L01Plus.o
LOAD ./L4_IO/wireless/src/wireless.o
LOAD ./L4_IO/src/gpio.o
LOAD ./L4_IO/src/io_source.o
LOAD ./L4_IO/src/storage.o
LOAD ./L4_IO/fat/option/ccsbcs.o
LOAD ./L4_IO/fat/option/reentrant.o
LOAD ./L4_IO/fat/disk/diskio.o
LOAD ./L4_IO/fat/disk/sd.o
LOAD ./L4_IO/fat/disk/spi_flash.o
LOAD ./L4_IO/fat/fatfs_time.o
LOAD ./L4_IO/fat/ff.o
LOAD ./L3_Utils/tlm/src/c_tlm_binary.o
LOAD ./L3_Utils/tlm/src/c_tlm_comp.o
LOAD ./L3_Utils/tlm/src/c_tlm_stream.o
LOAD ./L3_Utils/tlm/src/c_tlm_var.o
LOAD ./L3_Utils/src/c_list.o
LOAD ./L3_Utils/src/command_handler.o
LOAD ./L3_Utils/src/file_logger.o
LOAD ./L3_Utils/src/freertos_timer.o
LOAD ./L3_Utils/src/printf_lib.o
LOAD ./L3_Utils/src/rtc_alarm.o
LOAD ./L3_Utils/src/scheduler_task.o
LOAD ./L3_Utils/src/str.o
LOAD ./L3_Utils/src/utilities.o
LOAD ./L2_Drivers/src/adc.o
LOAD ./L2_Drivers/src/can.o
LOAD ./L2_Drivers/src/eint.o
LOAD ./L2_Drivers/src/i2c2.o
LOAD ./L2_Drivers/src/lpc_pwm.o
LOAD ./L2_Drivers/src/lpc_rit.o
LOAD ./L2_Drivers/src/lpc_timers.o
LOAD ./L2_Drivers/src/nrf_stream.o
LOAD ./L2_Drivers/src/rtc.o
LOAD ./L2_Drivers/src/spi_dma.o
LOAD ./L2_Drivers/src/spi_sem.o
LOAD ./L2_Drivers/src/uart0.o
LOAD ./L2_Drivers/src/uart2.o
LOAD ./L2_Drivers/src/uart3.o
LOAD ./L2_Drivers/base/char_dev.o
LOAD ./L2_Drivers/base/i2c_base.o
LOAD ./L2_Drivers/base/uart_dev.o
LOAD ./L1_FreeRTOS/trace/run_time_counter.o
LOAD ./L1_FreeRTOS/trace/trcBase.o
LOAD ./L1_FreeRTOS/trace/trcHardwarePort.o
LOAD ./L1_FreeRTOS/trace/trcKernel.o
LOAD ./L1_FreeRTOS/trace/trcKernelPort.o
LOAD ./L1_FreeRTOS/trace/trcUser.o
LOAD ./L1_FreeRTOS/src/croutine.o
LOAD ./L1_FreeRTOS/src/event_groups.o
LOAD ./L1_FreeRTOS/src/list.o
LOAD ./L1_FreeRTOS/src/queue.o
LOAD ./L1_FreeRTOS/src/tasks.o
LOAD ./L1_FreeRTOS/src/timers.o
LOAD ./L1_FreeRTOS/portable/no_mpu/port.o
LOAD ./L1_FreeRTOS/portable/run_time_stats.o
LOAD ./L1_FreeRTOS/hooks/hooks.o
LOAD ./L1_FreeRTOS/MemMang/freertos_mem_man.o
LOAD ./L0_LowLevel/source/core_cm3.o
LOAD ./L0_LowLevel/source/low_level_init.o
LOAD ./L0_LowLevel/source/lpc_peripherals.o
LOAD ./L0_LowLevel/source/lpc_sys.o
LOAD ./L0_LowLevel/source/startup.o
LOAD ./L0_LowLevel/source/sys_clock.o
LOAD ./L0_LowLevel/source/uart0_min.o
LOAD c:/cmpe244/toolchain/bin/../lib/gcc/arm-none-eabi/4.9.3/../../../../arm-none-eabi/lib/armv7-m\libstdc++_nano.a
LOAD c:/cmpe244/toolchain/bin/../lib/gcc/arm-none-eabi/4.9.3/../../../../arm-none-eabi/lib/armv7-m\libm.a
START GROUP
LOAD c:/cmpe244/toolchain/bin/../lib/gcc/arm-none-eabi/4.9.3/armv7-m\libgcc.a
LOAD c:/cmpe244/toolchain/bin/../lib/gcc/arm-none-eabi/4.9.3/../../../../arm-none-eabi/lib/armv7-m\libc_nano.a
END GROUP
START GROUP
LOAD c:/cmpe244/toolchain/bin/../lib/gcc/arm-none-eabi/4.9.3/armv7-m\libgcc.a
LOAD c:/cmpe244/toolchain/bin/../lib/gcc/arm-none-eabi/4.9.3/../../../../arm-none-eabi/lib/armv7-m\libc_nano.a
END GROUP

.text           0x00010000    0x165d0
 FILL mask 0xff
 *(.isr_vector)
 .isr_vector    0x00010000       0xcc ./L0_LowLevel/source/startup.o
                0x00010000                g_pfnVectors
                0x000100cc                . = ALIGN (0x4)
                0x000100cc                __section_table_start = .
                0x000100cc                __data_section_table = .
                0x000100cc        0x4 LONG 0x265d8 LOADADDR (.data)
                0x000100d0        0x4 LONG 0x2007c000 ADDR (.data)
                0x000100d4        0x4 LONG 0x1b8 SIZEOF (.data)
                0x000100d8                __data_section_table_end = .
                0x000100d8                __bss_section_table = .
                0x000100d8        0x4 LONG 0x2007c1b8 ADDR (.bss)
                0x000100dc        0x4 LONG 0x494 SIZEOF (.bss)
                0x000100e0                __bss_section_table_end = .
                0x000100e0                __section_table_end = .
 *(.after_vectors*)
 .after_vectors
                0x000100e0      0x120 ./L0_LowLevel/source/startup.o
                0x000100e0                isr_hard_fault
                0x000100fa                isr_nmi
                0x00010108                isr_mem_fault
                0x00010118                isr_bus_fault
                0x00010128                isr_usage_fault
                0x00010138                isr_debug_mon
                0x00010148                TIMER3_IRQHandler
                0x00010148                UART1_IRQHandler
                0x00010148                EINT2_IRQHandler
                0x00010148                USBAct_IRQHandler
                0x00010148                PLL0_IRQHandler
                0x00010148                I2C1_IRQHandler
                0x00010148                PLL1_IRQHandler
                0x00010148                SSP0_IRQHandler
                0x00010148                CANAct_IRQHandler
                0x00010148                I2S_IRQHandler
                0x00010148                PWM1_IRQHandler
                0x00010148                SPI_IRQHandler
                0x00010148                TIMER2_IRQHandler
                0x00010148                EINT1_IRQHandler
                0x00010148                isr_default_handler
                0x00010148                SSP1_IRQHandler
                0x00010148                ENET_IRQHandler
                0x00010148                USB_IRQHandler
                0x00010148                BOD_IRQHandler
                0x00010148                MCPWM_IRQHandler
                0x00010148                WDT_IRQHandler
                0x00010148                I2C0_IRQHandler
                0x00010148                QEI_IRQHandler
                0x00010148                EINT0_IRQHandler
                0x00010148                DMA_IRQHandler
                0x00010148                TIMER0_IRQHandler
                0x00010158                isr_sys_tick
                0x0001016a                data_init(unsigned int, unsigned int, unsigned int)
                0x00010180                bss_init(unsigned int, unsigned int)
                0x00010192                isr_reset
 *(.text*)
 .text._sbrk    0x00010200       0x78 ./newlib/memory.o
                0x00010200                _sbrk
 .text._Znwj    0x00010278        0x4 ./newlib/memory.o
                0x00010278                operator new(unsigned int)
 .text._ZdlPv   0x0001027c        0x4 ./newlib/memory.o
                0x0001027c                operator delete(void*)
 .text._ZdaPv   0x00010280        0x4 ./newlib/memory.o
                0x00010280                operator delete[](void*)
 .text.sys_get_mem_info
                0x00010284       0xb0 ./newlib/memory.o
                0x00010284                sys_get_mem_info
 .text._ZN9__gnu_cxx27__verbose_terminate_handlerEv
                0x00010334        0x2 ./newlib/memory.o
                0x00010334                __gnu_cxx::__verbose_terminate_handler()
 *fill*         0x00010336        0x2 
 .text.sys_set_outchar_func
                0x00010338        0xc ./newlib/newlib_syscalls.o
                0x00010338                sys_set_outchar_func
 .text.sys_set_inchar_func
                0x00010344        0xc ./newlib/newlib_syscalls.o
                0x00010344                sys_set_inchar_func
 .text._kill    0x00010350       0x10 ./newlib/newlib_syscalls.o
                0x00010350                _kill
 .text._exit    0x00010360       0x10 ./newlib/newlib_syscalls.o
                0x00010360                _exit
 .text._getpid  0x00010370        0x4 ./newlib/newlib_syscalls.o
                0x00010370                _getpid
 .text._init    0x00010374        0x4 ./newlib/newlib_syscalls.o
                0x00010374                _init
 .text._write   0x00010378       0x28 ./newlib/newlib_syscalls.o
                0x00010378                _write
 .text._read    0x000103a0       0x2c ./newlib/newlib_syscalls.o
                0x000103a0                _read
 .text.syscalls_init
                0x000103cc        0x2 ./newlib/newlib_syscalls.o
                0x000103cc                syscalls_init
 .text._fstat   0x000103ce        0x4 ./newlib/newlib_syscalls.o
                0x000103ce                _fstat
 *fill*         0x000103d2        0x2 
 .text._isatty  0x000103d4       0x24 ./newlib/newlib_syscalls.o
                0x000103d4                _isatty
 .text._lseek   0x000103f8        0x4 ./newlib/newlib_syscalls.o
                0x000103f8                _lseek
 .text._close   0x000103fc        0x4 ./newlib/newlib_syscalls.o
                0x000103fc                _close
 .text._gettimeofday
                0x00010400       0x7a ./newlib/newlib_time.o
                0x00010400                _gettimeofday
 *fill*         0x0001047a        0x2 
 .text._ZN7Storage13getFlashDriveEv
                0x0001047c       0x48 ./L5_Application/source/cmd_handlers/handlers.o
                0x0001047c                Storage::getFlashDrive()
 .text._ZN7Storage10getSDDriveEv
                0x000104c4       0x48 ./L5_Application/source/cmd_handlers/handlers.o
                0x000104c4                Storage::getSDDrive()
 .text._Z15taskListHandlerR3strR7CharDevPv
                0x0001050c       0xec ./L5_Application/source/cmd_handlers/handlers.o
                0x0001050c                taskListHandler(str&, CharDev&, void*)
 .text._Z14memInfoHandlerR3strR7CharDevPv
                0x000105f8       0x22 ./L5_Application/source/cmd_handlers/handlers.o
                0x000105f8                memInfoHandler(str&, CharDev&, void*)
 *fill*         0x0001061a        0x2 
 .text._Z11timeHandlerR3strR7CharDevPv
                0x0001061c       0xc4 ./L5_Application/source/cmd_handlers/handlers.o
                0x0001061c                timeHandler(str&, CharDev&, void*)
 .text._Z10logHandlerR3strR7CharDevPv
                0x000106e0      0x190 ./L5_Application/source/cmd_handlers/handlers.o
                0x000106e0                logHandler(str&, CharDev&, void*)
 .text._Z9cpHandlerR3strR7CharDevPv
                0x00010870       0x80 ./L5_Application/source/cmd_handlers/handlers.o
                0x00010870                cpHandler(str&, CharDev&, void*)
 .text._Z10catHandlerR3strR7CharDevPv
                0x000108f0      0x10c ./L5_Application/source/cmd_handlers/handlers.o
                0x000108f0                catHandler(str&, CharDev&, void*)
 .text._Z9lsHandlerR3strR7CharDevPv
                0x000109fc      0x180 ./L5_Application/source/cmd_handlers/handlers.o
                0x000109fc                lsHandler(str&, CharDev&, void*)
 .text._Z12mkdirHandlerR3strR7CharDevPv
                0x00010b7c       0x3c ./L5_Application/source/cmd_handlers/handlers.o
                0x00010b7c                mkdirHandler(str&, CharDev&, void*)
 .text._Z9rmHandlerR3strR7CharDevPv
                0x00010bb8       0x3c ./L5_Application/source/cmd_handlers/handlers.o
                0x00010bb8                rmHandler(str&, CharDev&, void*)
 .text._Z9mvHandlerR3strR7CharDevPv
                0x00010bf4       0x5c ./L5_Application/source/cmd_handlers/handlers.o
                0x00010bf4                mvHandler(str&, CharDev&, void*)
 .text._Z14newFileHandlerR3strR7CharDevPv
                0x00010c50       0xb0 ./L5_Application/source/cmd_handlers/handlers.o
                0x00010c50                newFileHandler(str&, CharDev&, void*)
 .text._Z10dcpHandlerR3strR7CharDevPv
                0x00010d00      0x140 ./L5_Application/source/cmd_handlers/handlers.o
                0x00010d00                dcpHandler(str&, CharDev&, void*)
 .text._Z14storageHandlerR3strR7CharDevPv
                0x00010e40       0xbc ./L5_Application/source/cmd_handlers/handlers.o
                0x00010e40                storageHandler(str&, CharDev&, void*)
 .text._Z13rebootHandlerR3strR7CharDevPv
                0x00010efc       0x30 ./L5_Application/source/cmd_handlers/handlers.o
                0x00010efc                rebootHandler(str&, CharDev&, void*)
 .text._Z14learnIrHandlerR3strR7CharDevPv
                0x00010f2c       0x34 ./L5_Application/source/cmd_handlers/handlers.o
                0x00010f2c                learnIrHandler(str&, CharDev&, void*)
 .text._ZN17SingletonTemplateI4I2C2E11getInstanceEv
                0x00010f60       0x20 ./L5_Application/source/cmd_handlers/handlers.o
                0x00010f60                SingletonTemplate<I2C2>::getInstance()
 .text._Z12i2cIoHandlerR3strR7CharDevPv
                0x00010f80      0x198 ./L5_Application/source/cmd_handlers/handlers.o
                0x00010f80                i2cIoHandler(str&, CharDev&, void*)
 .text._Z13healthHandlerR3strR7CharDevPv
                0x00011118      0x1a4 ./L5_Application/source/cmd_handlers/handlers.o
                0x00011118                healthHandler(str&, CharDev&, void*)
 .text._Z16flashProgHandlerR3strR7CharDevPv
                0x000112bc       0xb8 ./L5_Application/source/cmd_handlers/prog_handlers.o
                0x000112bc                flashProgHandler(str&, CharDev&, void*)
 .text._Z14getFileHandlerR3strR7CharDevPv
                0x00011374      0x130 ./L5_Application/source/cmd_handlers/prog_handlers.o
                0x00011374                getFileHandler(str&, CharDev&, void*)
 .text._ZL25wirelessHandlerPrintStatsR7CharDevP12mesh_stats_th
                0x000114a4       0x3c ./L5_Application/source/cmd_handlers/wireless_handlers.o
 .text._ZL14wsStatsHandlerR3strR7CharDevPv
                0x000114e0       0x1e ./L5_Application/source/cmd_handlers/wireless_handlers.o
 *fill*         0x000114fe        0x2 
 .text._ZL11wsTxHandlerR3strR7CharDevPv
                0x00011500      0x118 ./L5_Application/source/cmd_handlers/wireless_handlers.o
 .text._ZL13wsAddrHandlerR3strR7CharDevPv
                0x00011618       0x34 ./L5_Application/source/cmd_handlers/wireless_handlers.o
 .text._Z12wsRteHandlerR3strR7CharDevPv
                0x0001164c       0x74 ./L5_Application/source/cmd_handlers/wireless_handlers.o
                0x0001164c                wsRteHandler(str&, CharDev&, void*)
 .text._ZL11wsRxHandlerR3strR7CharDevPv
                0x000116c0       0x80 ./L5_Application/source/cmd_handlers/wireless_handlers.o
 .text._Z15wirelessHandlerR3strR7CharDevPv
                0x00011740      0x160 ./L5_Application/source/cmd_handlers/wireless_handlers.o
                0x00011740                wirelessHandler(str&, CharDev&, void*)
 .text._ZN17SingletonTemplateI12NordicStreamE11getInstanceEv
                0x000118a0       0x20 ./L5_Application/source/cmd_handlers/wireless_handlers.o
                0x000118a0                SingletonTemplate<NordicStream>::getInstance()
 .text._ZL15wsFileTxHandlerR3strR7CharDevPv
                0x000118c0      0x22c ./L5_Application/source/cmd_handlers/wireless_handlers.o
 .text._ZL15wsStreamHandlerR3strR7CharDevPv
                0x00011aec      0x11c ./L5_Application/source/cmd_handlers/wireless_handlers.o
 .text._ZL13hl_print_linev
                0x00011c08        0xc ./L5_Application/source/high_level_init.o
 .text.ssp_set_max_clock
                0x00011c14       0x2c ./L5_Application/source/high_level_init.o
 .text._ZL16hl_mount_storageR16FileSystemObjectPKc
                0x00011c40       0x94 ./L5_Application/source/high_level_init.o
 .text._ZN17SingletonTemplateI11LED_DisplayE11getInstanceEv
                0x00011cd4       0x24 ./L5_Application/source/high_level_init.o
                0x00011cd4                SingletonTemplate<LED_Display>::getInstance()
 .text._ZN17SingletonTemplateI3LEDE11getInstanceEv
                0x00011cf8       0x1c ./L5_Application/source/high_level_init.o
                0x00011cf8                SingletonTemplate<LED>::getInstance()
 .text._ZN17SingletonTemplateI17TemperatureSensorE11getInstanceEv
                0x00011d14       0x28 ./L5_Application/source/high_level_init.o
                0x00011d14                SingletonTemplate<TemperatureSensor>::getInstance()
 .text._ZN17SingletonTemplateI12Light_SensorE11getInstanceEv
                0x00011d3c       0x18 ./L5_Application/source/high_level_init.o
                0x00011d3c                SingletonTemplate<Light_Sensor>::getInstance()
 .text._ZN17SingletonTemplateI8SwitchesE11getInstanceEv
                0x00011d54       0x18 ./L5_Application/source/high_level_init.o
                0x00011d54                SingletonTemplate<Switches>::getInstance()
 .text._Z15high_level_initv
                0x00011d6c      0x548 ./L5_Application/source/high_level_init.o
                0x00011d6c                high_level_init()
 .text._ZN14scheduler_task4initEv
                0x000122b4        0x4 ./L5_Application/source/remote.o
                0x000122b4                scheduler_task::init()
 .text._ZN14scheduler_task6regTlmEv
                0x000122b8        0x4 ./L5_Application/source/remote.o
                0x000122b8                scheduler_task::regTlm()
 .text._ZN14scheduler_task9taskEntryEv
                0x000122bc        0x4 ./L5_Application/source/remote.o
                0x000122bc                scheduler_task::taskEntry()
 .text._ZN17SingletonTemplateI9IR_SensorE11getInstanceEv
                0x000122c0       0x18 ./L5_Application/source/remote.o
                0x000122c0                SingletonTemplate<IR_Sensor>::getInstance()
 .text._ZN12terminalTask6regTlmEv
                0x000122d8        0x4 ./L5_Application/source/terminal.o
                0x000122d8                terminalTask::regTlm()
 .text._ZN6VECTORIN12terminalTask9cmdChan_tEE14changeCapacityEj.part.5
                0x000122dc       0x34 ./L5_Application/source/terminal.o
 .text._ZN12terminalTaskD2Ev
                0x00012310       0x48 ./L5_Application/source/terminal.o
                0x00012310                terminalTask::~terminalTask()
                0x00012310                terminalTask::~terminalTask()
 .text._ZN12terminalTaskD0Ev
                0x00012358       0x12 ./L5_Application/source/terminal.o
                0x00012358                terminalTask::~terminalTask()
 *fill*         0x0001236a        0x2 
 .text._ZN12terminalTaskC2Eh
                0x0001236c       0xb0 ./L5_Application/source/terminal.o
                0x0001236c                terminalTask::terminalTask(unsigned char)
                0x0001236c                terminalTask::terminalTask(unsigned char)
 .text._ZN12terminalTask22handleEchoAndBackspaceEPNS_9cmdChan_tEc
                0x0001241c       0x74 ./L5_Application/source/terminal.o
                0x0001241c                terminalTask::handleEchoAndBackspace(terminalTask::cmdChan_t*, char)
 .text._ZN12terminalTask17addCommandChannelEP7CharDevb
                0x00012490       0x40 ./L5_Application/source/terminal.o
                0x00012490                terminalTask::addCommandChannel(CharDev*, bool)
 .text._ZN12terminalTask10getCommandEv
                0x000124d0      0x126 ./L5_Application/source/terminal.o
                0x000124d0                terminalTask::getCommand()
 *fill*         0x000125f6        0x2 
 .text._ZN12terminalTask3runEPv
                0x000125f8       0x98 ./L5_Application/source/terminal.o
                0x000125f8                terminalTask::run(void*)
 .text._ZN17SingletonTemplateI5Uart0E11getInstanceEv
                0x00012690       0x20 ./L5_Application/source/terminal.o
                0x00012690                SingletonTemplate<Uart0>::getInstance()
 .text._ZN5Uart017putcharIntrDrivenEc
                0x000126b0       0x18 ./L5_Application/source/terminal.o
                0x000126b0                Uart0::putcharIntrDriven(char)
 .text._ZN5Uart017getcharIntrDrivenEc
                0x000126c8       0x22 ./L5_Application/source/terminal.o
                0x000126c8                Uart0::getcharIntrDriven(char)
 *fill*         0x000126ea        0x2 
 .text._ZN12terminalTask9taskEntryEv
                0x000126ec      0x27c ./L5_Application/source/terminal.o
                0x000126ec                terminalTask::taskEntry()
 .text._Z20dbc_app_send_can_msgmhPh
                0x00012968       0x38 ./L5_Application/periodic_scheduler/gps_Node.o
                0x00012968                dbc_app_send_can_msg(unsigned long, unsigned char, unsigned char*)
 .text._Z20sendCan1_Any_Messagemmmy
                0x000129a0       0x32 ./L5_Application/periodic_scheduler/gps_Node.o
                0x000129a0                sendCan1_Any_Message(unsigned long, unsigned long, unsigned long, unsigned long long)
 *fill*         0x000129d2        0x2 
 .text._ZN17SingletonTemplateI5Uart3E11getInstanceEv
                0x000129d4       0x20 ./L5_Application/periodic_scheduler/gps_Node.o
                0x000129d4                SingletonTemplate<Uart3>::getInstance()
 .text._Z10serialInitv
                0x000129f4       0x3c ./L5_Application/periodic_scheduler/gps_Node.o
                0x000129f4                serialInit()
 .text._Z7readGPS8gps_nameP8GPS_DATA
                0x00012a30      0x158 ./L5_Application/periodic_scheduler/gps_Node.o
                0x00012a30                readGPS(gps_name, GPS_DATA*)
 .text.period_init
                0x00012b88       0x38 ./L5_Application/periodic_scheduler/period_callbacks.o
                0x00012b88                period_init
 .text.period_reg_tlm
                0x00012bc0        0x4 ./L5_Application/periodic_scheduler/period_callbacks.o
                0x00012bc0                period_reg_tlm
 .text.period_1Hz
                0x00012bc4        0x2 ./L5_Application/periodic_scheduler/period_callbacks.o
                0x00012bc4                period_1Hz
 .text.period_100Hz
                0x00012bc6        0x2 ./L5_Application/periodic_scheduler/period_callbacks.o
                0x00012bc6                period_100Hz
 .text.period_1000Hz
                0x00012bc8        0x2 ./L5_Application/periodic_scheduler/period_callbacks.o
                0x00012bc8                period_1000Hz
 *fill*         0x00012bca        0x6 
 .text.period_10Hz
                0x00012bd0      0x138 ./L5_Application/periodic_scheduler/period_callbacks.o
                0x00012bd0                period_10Hz
 .text._ZN21periodicSchedulerTaskD2Ev
                0x00012d08        0x2 ./L5_Application/periodic_scheduler/prd_dispatcher.o
                0x00012d08                periodicSchedulerTask::~periodicSchedulerTask()
                0x00012d08                periodicSchedulerTask::~periodicSchedulerTask()
 *fill*         0x00012d0a        0x2 
 .text._Z15period_task_1HzPv
                0x00012d0c       0x28 ./L5_Application/periodic_scheduler/prd_dispatcher.o
                0x00012d0c                period_task_1Hz(void*)
 .text._Z16period_task_10HzPv
                0x00012d34       0x28 ./L5_Application/periodic_scheduler/prd_dispatcher.o
                0x00012d34                period_task_10Hz(void*)
 .text._Z17period_task_100HzPv
                0x00012d5c       0x28 ./L5_Application/periodic_scheduler/prd_dispatcher.o
                0x00012d5c                period_task_100Hz(void*)
 .text._Z18period_task_1000HzPv
                0x00012d84       0x28 ./L5_Application/periodic_scheduler/prd_dispatcher.o
                0x00012d84                period_task_1000Hz(void*)
 .text._ZN21periodicSchedulerTask4initEv
                0x00012dac        0x4 ./L5_Application/periodic_scheduler/prd_dispatcher.o
                0x00012dac                periodicSchedulerTask::init()
 .text._ZN21periodicSchedulerTask6regTlmEv
                0x00012db0        0x4 ./L5_Application/periodic_scheduler/prd_dispatcher.o
                0x00012db0                periodicSchedulerTask::regTlm()
 .text._ZN21periodicSchedulerTaskD0Ev
                0x00012db4        0xc ./L5_Application/periodic_scheduler/prd_dispatcher.o
                0x00012db4                periodicSchedulerTask::~periodicSchedulerTask()
 .text._ZN21periodicSchedulerTaskC2Eb
                0x00012dc0       0xf4 ./L5_Application/periodic_scheduler/prd_dispatcher.o
                0x00012dc0                periodicSchedulerTask::periodicSchedulerTask(bool)
                0x00012dc0                periodicSchedulerTask::periodicSchedulerTask(bool)
 .text._ZN21periodicSchedulerTask23handlePeriodicSemaphoreEhh
                0x00012eb4       0x88 ./L5_Application/periodic_scheduler/prd_dispatcher.o
                0x00012eb4                periodicSchedulerTask::handlePeriodicSemaphore(unsigned char, unsigned char)
 .text._ZN21periodicSchedulerTask3runEPv
                0x00012f3c       0x42 ./L5_Application/periodic_scheduler/prd_dispatcher.o
                0x00012f3c                periodicSchedulerTask::run(void*)
 .text.startup.main
                0x00012f7e       0x38 ./L5_Application/main.o
                0x00012f7e                main
 .text.mesh_incr_soft_timers_for_arr
                0x00012fb6       0x26 ./L4_IO/wireless/src/mesh.o
 .text.mesh_update_soft_timers
                0x00012fdc       0x4c ./L4_IO/wireless/src/mesh.o
 .text.mesh_send_packet
                0x00013028       0x3c ./L4_IO/wireless/src/mesh.o
 .text.mesh_send_retry_packet
                0x00013064       0x34 ./L4_IO/wireless/src/mesh.o
 .text.mesh_find_rte_tbl_entry
                0x00013098       0x24 ./L4_IO/wireless/src/mesh.o
 .text.mesh_update_rte_scores
                0x000130bc       0x28 ./L4_IO/wireless/src/mesh.o
 .text.mesh_get_pnd_pkt_slot
                0x000130e4       0x42 ./L4_IO/wireless/src/mesh.o
 *fill*         0x00013126        0x2 
 .text.mesh_pending_packets_add
                0x00013128       0x90 ./L4_IO/wireless/src/mesh.o
 .text.mesh_get_rte_to_modify
                0x000131b8       0x60 ./L4_IO/wireless/src/mesh.o
 .text.mesh_handle_pnd_pkts_for_arr
                0x00013218      0x180 ./L4_IO/wireless/src/mesh.o
 .text.mesh_set_node_address
                0x00013398       0x18 ./L4_IO/wireless/src/mesh.o
                0x00013398                mesh_set_node_address
 .text.mesh_get_node_address
                0x000133b0        0xc ./L4_IO/wireless/src/mesh.o
                0x000133b0                mesh_get_node_address
 .text.mesh_set_retry_count
                0x000133bc       0x10 ./L4_IO/wireless/src/mesh.o
                0x000133bc                mesh_set_retry_count
 .text.mesh_form_pkt
                0x000133cc       0xfc ./L4_IO/wireless/src/mesh.o
                0x000133cc                mesh_form_pkt
 .text.mesh_send_formed_pkt
                0x000134c8       0x50 ./L4_IO/wireless/src/mesh.o
                0x000134c8                mesh_send_formed_pkt
 .text.mesh_init
                0x00013518      0x104 ./L4_IO/wireless/src/mesh.o
                0x00013518                mesh_init
 .text.mesh_send
                0x0001361c       0x3e ./L4_IO/wireless/src/mesh.o
                0x0001361c                mesh_send
 .text.mesh_send_ack
                0x0001365a       0x1a ./L4_IO/wireless/src/mesh.o
 .text.mesh_get_routing_entry
                0x00013674       0x2c ./L4_IO/wireless/src/mesh.o
                0x00013674                mesh_get_routing_entry
 .text.mesh_get_num_routing_entries
                0x000136a0       0x1c ./L4_IO/wireless/src/mesh.o
                0x000136a0                mesh_get_num_routing_entries
 .text.mesh_service
                0x000136bc      0x2c4 ./L4_IO/wireless/src/mesh.o
                0x000136bc                mesh_service
 .text.mesh_get_pnd_pkt_count
                0x00013980       0x34 ./L4_IO/wireless/src/mesh.o
                0x00013980                mesh_get_pnd_pkt_count
 .text.mesh_get_max_timeout_before_packet_fails
                0x000139b4       0x24 ./L4_IO/wireless/src/mesh.o
                0x000139b4                mesh_get_max_timeout_before_packet_fails
 .text.mesh_get_stats
                0x000139d8       0x14 ./L4_IO/wireless/src/mesh.o
                0x000139d8                mesh_get_stats
 .text.nordic_transfer
                0x000139ec      0x110 ./L4_IO/wireless/src/nrf24L01Plus.o
 .text.nordic_readRegister
                0x00013afc       0x20 ./L4_IO/wireless/src/nrf24L01Plus.o
 .text.nordic_writeRegister
                0x00013b1c       0x20 ./L4_IO/wireless/src/nrf24L01Plus.o
 .text.nordic_is_tx_fifo_empty
                0x00013b3c        0xe ./L4_IO/wireless/src/nrf24L01Plus.o
                0x00013b3c                nordic_is_tx_fifo_empty
 .text.nordic_clear_all_intr_flags
                0x00013b4a        0x8 ./L4_IO/wireless/src/nrf24L01Plus.o
                0x00013b4a                nordic_clear_all_intr_flags
 .text.nordic_queue_tx_fifo
                0x00013b52        0xe ./L4_IO/wireless/src/nrf24L01Plus.o
                0x00013b52                nordic_queue_tx_fifo
 .text.nordic_standby1_to_tx_mode1
                0x00013b60       0x16 ./L4_IO/wireless/src/nrf24L01Plus.o
                0x00013b60                nordic_standby1_to_tx_mode1
 *fill*         0x00013b76        0x2 
 .text.nordic_rx_to_Stanby1
                0x00013b78       0x10 ./L4_IO/wireless/src/nrf24L01Plus.o
                0x00013b78                nordic_rx_to_Stanby1
 .text.nordic_standby1_to_rx
                0x00013b88       0x24 ./L4_IO/wireless/src/nrf24L01Plus.o
                0x00013b88                nordic_standby1_to_rx
 .text.nordic_clear_packet_sent_flag
                0x00013bac        0x8 ./L4_IO/wireless/src/nrf24L01Plus.o
                0x00013bac                nordic_clear_packet_sent_flag
 .text.nordic_flush_tx_fifo
                0x00013bb4        0xc ./L4_IO/wireless/src/nrf24L01Plus.o
                0x00013bb4                nordic_flush_tx_fifo
 .text.nordic_mode1_send_single_packet
                0x00013bc0       0x4c ./L4_IO/wireless/src/nrf24L01Plus.o
                0x00013bc0                nordic_mode1_send_single_packet
 .text.nordic_is_packet_available
                0x00013c0c       0x12 ./L4_IO/wireless/src/nrf24L01Plus.o
                0x00013c0c                nordic_is_packet_available
 .text.nordic_clear_packet_available_flag
                0x00013c1e        0x8 ./L4_IO/wireless/src/nrf24L01Plus.o
                0x00013c1e                nordic_clear_packet_available_flag
 .text.nordic_read_rx_fifo
                0x00013c26       0x16 ./L4_IO/wireless/src/nrf24L01Plus.o
                0x00013c26                nordic_read_rx_fifo
 .text.nordic_flush_rx_fifo
                0x00013c3c        0xc ./L4_IO/wireless/src/nrf24L01Plus.o
                0x00013c3c                nordic_flush_rx_fifo
 .text.nordic_set_intr_signals
                0x00013c48       0x3e ./L4_IO/wireless/src/nrf24L01Plus.o
                0x00013c48                nordic_set_intr_signals
 .text.nordic_set_crc
                0x00013c86       0x38 ./L4_IO/wireless/src/nrf24L01Plus.o
                0x00013c86                nordic_set_crc
 .text.nordic_power_up
                0x00013cbe       0x18 ./L4_IO/wireless/src/nrf24L01Plus.o
                0x00013cbe                nordic_power_up
 .text.nordic_power_down
                0x00013cd6       0x16 ./L4_IO/wireless/src/nrf24L01Plus.o
                0x00013cd6                nordic_power_down
 .text.nordic_set_channel
                0x00013cec       0x24 ./L4_IO/wireless/src/nrf24L01Plus.o
                0x00013cec                nordic_set_channel
 .text.nordic_set_air_data_rate
                0x00013d10       0x2c ./L4_IO/wireless/src/nrf24L01Plus.o
                0x00013d10                nordic_set_air_data_rate
 .text.nordic_set_power_level
                0x00013d3c       0x24 ./L4_IO/wireless/src/nrf24L01Plus.o
                0x00013d3c                nordic_set_power_level
 .text.nordic_set_auto_transmit_options
                0x00013d60       0x32 ./L4_IO/wireless/src/nrf24L01Plus.o
                0x00013d60                nordic_set_auto_transmit_options
 .text.nordic_set_payload_for_pipe
                0x00013d92       0x14 ./L4_IO/wireless/src/nrf24L01Plus.o
                0x00013d92                nordic_set_payload_for_pipe
 .text.nordic_set_addr_width
                0x00013da6       0x16 ./L4_IO/wireless/src/nrf24L01Plus.o
                0x00013da6                nordic_set_addr_width
 .text.nordic_set_tx_address
                0x00013dbc        0xe ./L4_IO/wireless/src/nrf24L01Plus.o
                0x00013dbc                nordic_set_tx_address
 .text.nordic_set_rx_pipe0_addr
                0x00013dca        0xe ./L4_IO/wireless/src/nrf24L01Plus.o
                0x00013dca                nordic_set_rx_pipe0_addr
 .text.nordic_init
                0x00013dd8       0xc8 ./L4_IO/wireless/src/nrf24L01Plus.o
                0x00013dd8                nordic_init
 .text.nrf_driver_init
                0x00013ea0       0x70 ./L4_IO/wireless/src/wireless.o
 .text.nrf_driver_app_recv
                0x00013f10       0x50 ./L4_IO/wireless/src/wireless.o
 .text.nrf_driver_send
                0x00013f60       0x58 ./L4_IO/wireless/src/wireless.o
 .text.nrf_irq_callback
                0x00013fb8       0x34 ./L4_IO/wireless/src/wireless.o
 .text.nrf_driver_receive
                0x00013fec       0x22 ./L4_IO/wireless/src/wireless.o
 .text.wireless_get_queued_pkt
                0x0001400e       0x64 ./L4_IO/wireless/src/wireless.o
 .text.nrf_driver_get_timer
                0x00014072       0x28 ./L4_IO/wireless/src/wireless.o
 *fill*         0x0001409a        0x2 
 .text.wireless_init
                0x0001409c       0x4c ./L4_IO/wireless/src/wireless.o
                0x0001409c                wireless_init
 .text.wireless_get_rx_pkt
                0x000140e8       0x14 ./L4_IO/wireless/src/wireless.o
                0x000140e8                wireless_get_rx_pkt
 .text.wireless_get_ack_pkt
                0x000140fc       0x14 ./L4_IO/wireless/src/wireless.o
                0x000140fc                wireless_get_ack_pkt
 .text.wireless_service
                0x00014110       0x4c ./L4_IO/wireless/src/wireless.o
                0x00014110                wireless_service
 .text._ZN11i2c2_device8writeRegEhh
                0x0001415c       0x16 ./L4_IO/src/io_source.o
                0x0001415c                i2c2_device::writeReg(unsigned char, unsigned char)
 .text._ZN11i2c2_device16get16BitRegisterEh
                0x00014172       0x28 ./L4_IO/src/io_source.o
                0x00014172                i2c2_device::get16BitRegister(unsigned char)
 .text._ZN19Acceleration_Sensor4initEv
                0x0001419a       0x20 ./L4_IO/src/io_source.o
                0x0001419a                Acceleration_Sensor::init()
 *fill*         0x000141ba        0x2 
 .text._ZN9IR_Sensor11storeIrCodeEm
                0x000141bc       0x1c ./L4_IO/src/io_source.o
                0x000141bc                IR_Sensor::storeIrCode(unsigned long)
 .text._ZN9IR_Sensor12decodeIrCodeEv
                0x000141d8       0x60 ./L4_IO/src/io_source.o
                0x000141d8                IR_Sensor::decodeIrCode()
 .text._ZN9IR_Sensor4initEv
                0x00014238       0x34 ./L4_IO/src/io_source.o
                0x00014238                IR_Sensor::init()
 .text._ZN11LED_Display12setLeftDigitEc
                0x0001426c       0x18 ./L4_IO/src/io_source.o
                0x0001426c                LED_Display::setLeftDigit(char)
 .text._ZN11LED_Display13setRightDigitEc
                0x00014284       0x18 ./L4_IO/src/io_source.o
                0x00014284                LED_Display::setRightDigit(char)
 .text._ZN11LED_Display4initEv
                0x0001429c       0x38 ./L4_IO/src/io_source.o
                0x0001429c                LED_Display::init()
 .text._ZN11LED_Display9setNumberEc
                0x000142d4       0x3c ./L4_IO/src/io_source.o
                0x000142d4                LED_Display::setNumber(char)
 .text._ZN3LED4initEv
                0x00014310        0x4 ./L4_IO/src/io_source.o
                0x00014310                LED::init()
 .text._ZN3LED6setAllEh
                0x00014314       0x5c ./L4_IO/src/io_source.o
                0x00014314                LED::setAll(unsigned char)
 .text._ZN3LED2onEh
                0x00014370       0x26 ./L4_IO/src/io_source.o
                0x00014370                LED::on(unsigned char)
 .text._ZN3LED3offEh
                0x00014396       0x26 ./L4_IO/src/io_source.o
                0x00014396                LED::off(unsigned char)
 .text._ZN12Light_Sensor4initEv
                0x000143bc        0x4 ./L4_IO/src/io_source.o
                0x000143bc                Light_Sensor::init()
 .text._ZN12Light_Sensor11getRawValueEv
                0x000143c0        0x6 ./L4_IO/src/io_source.o
                0x000143c0                Light_Sensor::getRawValue()
 .text._ZN8Switches4initEv
                0x000143c6        0x4 ./L4_IO/src/io_source.o
                0x000143c6                Switches::init()
 *fill*         0x000143ca        0x2 
 .text._ZN8Switches15getSwitchValuesEv
                0x000143cc       0x18 ./L4_IO/src/io_source.o
                0x000143cc                Switches::getSwitchValues()
 .text._ZN8Switches9getSwitchEi
                0x000143e4       0x18 ./L4_IO/src/io_source.o
                0x000143e4                Switches::getSwitch(int)
 .text._ZN8I2C_Temp4initEv
                0x000143fc       0x22 ./L4_IO/src/io_source.o
                0x000143fc                I2C_Temp::init()
 .text._ZN8I2C_Temp10getCelsiusEv
                0x0001441e       0x32 ./L4_IO/src/io_source.o
                0x0001441e                I2C_Temp::getCelsius()
 .text._ZN8I2C_Temp12getFarenheitEv
                0x00014450       0x24 ./L4_IO/src/io_source.o
                0x00014450                I2C_Temp::getFarenheit()
 .text._ZN7Storage4copyEPKcS1_PjS2_S2_
                0x00014474       0xfa ./L4_IO/src/storage.o
                0x00014474                Storage::copy(char const*, char const*, unsigned int*, unsigned int*, unsigned int*)
 .text._ZN7Storage4readEPKcPvjj
                0x0001456e       0x46 ./L4_IO/src/storage.o
                0x0001456e                Storage::read(char const*, void*, unsigned int, unsigned int)
 .text._ZN7Storage5writeEPKcPvjj
                0x000145b4       0x46 ./L4_IO/src/storage.o
                0x000145b4                Storage::write(char const*, void*, unsigned int, unsigned int)
 .text._ZN7Storage6appendEPKcPKvjj
                0x000145fa       0x4a ./L4_IO/src/storage.o
                0x000145fa                Storage::append(char const*, void const*, unsigned int, unsigned int)
 .text.ff_convert
                0x00014644       0x38 ./L4_IO/fat/option/ccsbcs.o
                0x00014644                ff_convert
 .text.ff_wtoupper
                0x0001467c       0x24 ./L4_IO/fat/option/ccsbcs.o
                0x0001467c                ff_wtoupper
 .text.ff_cre_syncobj
                0x000146a0       0x14 ./L4_IO/fat/option/reentrant.o
                0x000146a0                ff_cre_syncobj
 .text.ff_del_syncobj
                0x000146b4        0x4 ./L4_IO/fat/option/reentrant.o
                0x000146b4                ff_del_syncobj
 .text.ff_req_grant
                0x000146b8       0x26 ./L4_IO/fat/option/reentrant.o
                0x000146b8                ff_req_grant
 .text.ff_rel_grant
                0x000146de       0x1e ./L4_IO/fat/option/reentrant.o
                0x000146de                ff_rel_grant
 .text.disk_initialize
                0x000146fc       0x26 ./L4_IO/fat/disk/diskio.o
                0x000146fc                disk_initialize
 .text.disk_status
                0x00014722       0x10 ./L4_IO/fat/disk/diskio.o
                0x00014722                disk_status
 .text.disk_read
                0x00014732       0x38 ./L4_IO/fat/disk/diskio.o
                0x00014732                disk_read
 .text.disk_write
                0x0001476a       0x38 ./L4_IO/fat/disk/diskio.o
                0x0001476a                disk_write
 .text.disk_ioctl
                0x000147a2       0x32 ./L4_IO/fat/disk/diskio.o
                0x000147a2                disk_ioctl
 .text.sys_get_uptime_ms
                0x000147d4       0x12 ./L4_IO/fat/disk/sd.o
 *fill*         0x000147e6        0x2 
 .text.ssp_set_max_clock.constprop.2
                0x000147e8       0x30 ./L4_IO/fat/disk/sd.o
 .text.ssp1_exchange_byte
                0x00014818       0x18 ./L4_IO/fat/disk/sd.o
 .text.wait_ready
                0x00014830       0x2e ./L4_IO/fat/disk/sd.o
                0x00014830                wait_ready
 *fill*         0x0001485e        0x2 
 .text.power_off
                0x00014860       0x24 ./L4_IO/fat/disk/sd.o
                0x00014860                power_off
 .text.rcvr_datablock
                0x00014884       0x84 ./L4_IO/fat/disk/sd.o
                0x00014884                rcvr_datablock
 .text.xmit_datablock
                0x00014908       0x4c ./L4_IO/fat/disk/sd.o
                0x00014908                xmit_datablock
 .text.send_cmd
                0x00014954       0x8c ./L4_IO/fat/disk/sd.o
                0x00014954                send_cmd
 .text.sd_update_card_status
                0x000149e0       0x24 ./L4_IO/fat/disk/sd.o
                0x000149e0                sd_update_card_status
 .text.sd_initialize
                0x00014a04      0x15c ./L4_IO/fat/disk/sd.o
                0x00014a04                sd_initialize
 .text.sd_status
                0x00014b60       0x10 ./L4_IO/fat/disk/sd.o
                0x00014b60                sd_status
 .text.sd_read  0x00014b70       0x9c ./L4_IO/fat/disk/sd.o
                0x00014b70                sd_read
 .text.sd_write
                0x00014c0c       0xb4 ./L4_IO/fat/disk/sd.o
                0x00014c0c                sd_write
 .text.sd_ioctl
                0x00014cc0      0x228 ./L4_IO/fat/disk/sd.o
                0x00014cc0                sd_ioctl
 .text._ZL24flash_get_mem_size_bytesv
                0x00014ee8       0x20 ./L4_IO/fat/disk/spi_flash.o
 .text._ZL37flash_perform_page_io_of_fatfs_sectorPFvPhmmES_m
                0x00014f08       0x74 ./L4_IO/fat/disk/spi_flash.o
 .text.ssp1_exchange_data
                0x00014f7c       0xcc ./L4_IO/fat/disk/spi_flash.o
 .text._ZL18flash_send_op_addr14flash_opcode_tm
                0x00015048       0x24 ./L4_IO/fat/disk/spi_flash.o
 .text._ZL15flash_read_pagePhmm
                0x0001506c       0x44 ./L4_IO/fat/disk/spi_flash.o
 .text._ZL20flash_wait_for_readyv
                0x000150b0       0x40 ./L4_IO/fat/disk/spi_flash.o
 .text.flash_initialize
                0x000150f0       0x98 ./L4_IO/fat/disk/spi_flash.o
                0x000150f0                flash_initialize
 .text.flash_read_sectors
                0x00015188       0x4c ./L4_IO/fat/disk/spi_flash.o
                0x00015188                flash_read_sectors
 .text.flash_write_sectors
                0x000151d4       0x48 ./L4_IO/fat/disk/spi_flash.o
                0x000151d4                flash_write_sectors
 .text.flash_ioctl
                0x0001521c       0x38 ./L4_IO/fat/disk/spi_flash.o
                0x0001521c                flash_ioctl
 .text.flash_write_permanent_id
                0x00015254       0x44 ./L4_IO/fat/disk/spi_flash.o
                0x00015254                flash_write_permanent_id
 .text.flash_read_permanent_id
                0x00015298       0x28 ./L4_IO/fat/disk/spi_flash.o
                0x00015298                flash_read_permanent_id
 .text.flash_get_page_count
                0x000152c0       0x20 ./L4_IO/fat/disk/spi_flash.o
                0x000152c0                flash_get_page_count
 .text.flash_get_page_size
                0x000152e0        0xc ./L4_IO/fat/disk/spi_flash.o
                0x000152e0                flash_get_page_size
 .text.flash_supports_metadata
                0x000152ec       0x10 ./L4_IO/fat/disk/spi_flash.o
                0x000152ec                flash_supports_metadata
 .text._ZL16flash_write_pagePhmm
                0x000152fc       0x8c ./L4_IO/fat/disk/spi_flash.o
 .text.flash_get_page_write_count
                0x00015388       0x54 ./L4_IO/fat/disk/spi_flash.o
                0x00015388                flash_get_page_write_count
 .text.flash_chip_erase
                0x000153dc       0x28 ./L4_IO/fat/disk/spi_flash.o
                0x000153dc                flash_chip_erase
 .text.get_fattime
                0x00015404       0x52 ./L4_IO/fat/fatfs_time.o
                0x00015404                get_fattime
 .text.mem_cpy  0x00015456       0x38 ./L4_IO/fat/ff.o
 .text.mem_set  0x0001548e        0xe ./L4_IO/fat/ff.o
 .text.sum_sfn  0x0001549c       0x1e ./L4_IO/fat/ff.o
 .text.get_ldnumber
                0x000154ba       0x3e ./L4_IO/fat/ff.o
 .text.get_fileinfo
                0x000154f8       0xc0 ./L4_IO/fat/ff.o
 .text.sync_window
                0x000155b8       0x4a ./L4_IO/fat/ff.o
 *fill*         0x00015602        0x2 
 .text.sync_fs  0x00015604       0x78 ./L4_IO/fat/ff.o
 .text.move_window
                0x0001567c       0x34 ./L4_IO/fat/ff.o
 .text.check_fs
                0x000156b0       0x4c ./L4_IO/fat/ff.o
 .text.find_volume
                0x000156fc      0x220 ./L4_IO/fat/ff.o
 .text.validate
                0x0001591c       0x3a ./L4_IO/fat/ff.o
 .text.unlock_fs
                0x00015956       0x1a ./L4_IO/fat/ff.o
 .text.clust2sect
                0x00015970       0x16 ./L4_IO/fat/ff.o
                0x00015970                clust2sect
 .text.get_fat  0x00015986       0xa6 ./L4_IO/fat/ff.o
                0x00015986                get_fat
 .text.dir_sdi  0x00015a2c       0x82 ./L4_IO/fat/ff.o
 .text.put_fat  0x00015aae       0xd0 ./L4_IO/fat/ff.o
                0x00015aae                put_fat
 .text.create_chain
                0x00015b7e       0xa2 ./L4_IO/fat/ff.o
 .text.dir_next
                0x00015c20       0xee ./L4_IO/fat/ff.o
 *fill*         0x00015d0e        0x2 
 .text.dir_find
                0x00015d10      0x12c ./L4_IO/fat/ff.o
 .text.follow_path
                0x00015e3c      0x25c ./L4_IO/fat/ff.o
 .text.dir_register
                0x00016098      0x208 ./L4_IO/fat/ff.o
 .text.dir_remove
                0x000162a0       0x5a ./L4_IO/fat/ff.o
 *fill*         0x000162fa        0x2 
 .text.dir_read.constprop.11
                0x000162fc       0xe0 ./L4_IO/fat/ff.o
 .text.remove_chain
                0x000163dc       0x5a ./L4_IO/fat/ff.o
 *fill*         0x00016436        0x2 
 .text.f_mount  0x00016438       0x7c ./L4_IO/fat/ff.o
                0x00016438                f_mount
 .text.f_open   0x000164b4      0x132 ./L4_IO/fat/ff.o
                0x000164b4                f_open
 .text.f_read   0x000165e6      0x17c ./L4_IO/fat/ff.o
                0x000165e6                f_read
 .text.f_write  0x00016762      0x1a8 ./L4_IO/fat/ff.o
                0x00016762                f_write
 .text.f_sync   0x0001690a       0x8c ./L4_IO/fat/ff.o
                0x0001690a                f_sync
 .text.f_close  0x00016996       0x24 ./L4_IO/fat/ff.o
                0x00016996                f_close
 .text.f_lseek  0x000169ba      0x14c ./L4_IO/fat/ff.o
                0x000169ba                f_lseek
 .text.f_opendir
                0x00016b06       0x88 ./L4_IO/fat/ff.o
                0x00016b06                f_opendir
 .text.f_readdir
                0x00016b8e       0x5e ./L4_IO/fat/ff.o
                0x00016b8e                f_readdir
 .text.f_getfree
                0x00016bec       0xca ./L4_IO/fat/ff.o
                0x00016bec                f_getfree
 .text.f_unlink
                0x00016cb6       0xba ./L4_IO/fat/ff.o
                0x00016cb6                f_unlink
 .text.f_mkdir  0x00016d70      0x154 ./L4_IO/fat/ff.o
                0x00016d70                f_mkdir
 .text.f_rename
                0x00016ec4      0x120 ./L4_IO/fat/ff.o
                0x00016ec4                f_rename
 .text.f_mkfs   0x00016fe4      0x4f0 ./L4_IO/fat/ff.o
                0x00016fe4                f_mkfs
 .text.c_list_for_each_elm
                0x000174d4       0x2a ./L3_Utils/src/c_list.o
                0x000174d4                c_list_for_each_elm
 *fill*         0x000174fe        0x2 
 .text._ZN16CommandProcessor10addHandlerEPFbR3strR7CharDevPvEPKcS8_S4_
                0x00017500       0x7c ./L3_Utils/src/command_handler.o
                0x00017500                CommandProcessor::addHandler(bool (*)(str&, CharDev&, void*), char const*, char const*, void*)
 .text._ZN16CommandProcessor24getRegisteredCommandListER7CharDev
                0x0001757c       0x9c ./L3_Utils/src/command_handler.o
                0x0001757c                CommandProcessor::getRegisteredCommandList(CharDev&)
 .text._ZN16CommandProcessor11getHelpTextER3strR7CharDev
                0x00017618       0x70 ./L3_Utils/src/command_handler.o
                0x00017618                CommandProcessor::getHelpText(str&, CharDev&)
 .text._ZN16CommandProcessor15prepareCmdParamER3strPKc
                0x00017688       0x3c ./L3_Utils/src/command_handler.o
                0x00017688                CommandProcessor::prepareCmdParam(str&, char const*)
 .text._ZN16CommandProcessor13handleCommandER3strR7CharDev
                0x000176c4      0x144 ./L3_Utils/src/command_handler.o
                0x000176c4                CommandProcessor::handleCommand(str&, CharDev&)
 .text.logger_get_buffer_ptr
                0x00017808       0x44 ./L3_Utils/src/file_logger.o
 .text.logger_write_to_file
                0x0001784c       0xb0 ./L3_Utils/src/file_logger.o
 .text.logger_task
                0x000178fc       0xc0 ./L3_Utils/src/file_logger.o
 .text.logger_write_log_message
                0x000179bc       0x4c ./L3_Utils/src/file_logger.o
 .text.logger_send_flush_request
                0x00017a08       0x34 ./L3_Utils/src/file_logger.o
                0x00017a08                logger_send_flush_request
 .text.logger_get_logged_call_count
                0x00017a3c       0x14 ./L3_Utils/src/file_logger.o
                0x00017a3c                logger_get_logged_call_count
 .text.logger_get_blocked_call_count
                0x00017a50        0xc ./L3_Utils/src/file_logger.o
                0x00017a50                logger_get_blocked_call_count
 .text.logger_get_highest_file_write_time_ms
                0x00017a5c        0xc ./L3_Utils/src/file_logger.o
                0x00017a5c                logger_get_highest_file_write_time_ms
 .text.logger_get_num_buffers_watermark
                0x00017a68        0xc ./L3_Utils/src/file_logger.o
                0x00017a68                logger_get_num_buffers_watermark
 .text.logger_init
                0x00017a74       0xd4 ./L3_Utils/src/file_logger.o
                0x00017a74                logger_init
 .text.logger_set_printf
                0x00017b48       0x1c ./L3_Utils/src/file_logger.o
                0x00017b48                logger_set_printf
 .text.logger_log
                0x00017b64      0x138 ./L3_Utils/src/file_logger.o
                0x00017b64                logger_log
 .text.logger_log_raw
                0x00017c9c       0x40 ./L3_Utils/src/file_logger.o
                0x00017c9c                logger_log_raw
 .text.u0_dbg_put
                0x00017cdc       0x1e ./L3_Utils/src/printf_lib.o
                0x00017cdc                u0_dbg_put
 .text.u0_dbg_printf
                0x00017cfa       0x3c ./L3_Utils/src/printf_lib.o
                0x00017cfa                u0_dbg_printf
 .text.for_each_recur_alarm_callback
                0x00017d36       0x24 ./L3_Utils/src/rtc_alarm.o
 .text.for_each_alarm_callback
                0x00017d5a       0x5a ./L3_Utils/src/rtc_alarm.o
 .text.RTC_IRQHandler
                0x00017db4       0xac ./L3_Utils/src/rtc_alarm.o
                0x00017db4                RTC_IRQHandler
 .text._ZL9printlinePKcS0_
                0x00017e60       0xac ./L3_Utils/src/scheduler_task.o
 .text._ZL9dbg_printPKcS0_
                0x00017f0c       0x74 ./L3_Utils/src/scheduler_task.o
 .text._Z24scheduler_c_task_privatePv
                0x00017f80      0x118 ./L3_Utils/src/scheduler_task.o
                0x00017f80                scheduler_c_task_private(void*)
 .text._Z18scheduler_init_allb
                0x00018098       0xe4 ./L3_Utils/src/scheduler_task.o
                0x00018098                scheduler_init_all(bool)
 .text._Z18scheduler_add_taskP14scheduler_task
                0x0001817c       0x1c ./L3_Utils/src/scheduler_task.o
                0x0001817c                scheduler_add_task(scheduler_task*)
 .text._Z15scheduler_startbb
                0x00018198       0x40 ./L3_Utils/src/scheduler_task.o
                0x00018198                scheduler_start(bool, bool)
 .text._ZN14scheduler_taskC2EPKcmhPv
                0x000181d8       0x34 ./L3_Utils/src/scheduler_task.o
                0x000181d8                scheduler_task::scheduler_task(char const*, unsigned long, unsigned char, void*)
                0x000181d8                scheduler_task::scheduler_task(char const*, unsigned long, unsigned char, void*)
 .text._ZN14scheduler_task15getSharedObjectEh
                0x0001820c       0x18 ./L3_Utils/src/scheduler_task.o
                0x0001820c                scheduler_task::getSharedObject(unsigned char)
 .text._ZN3strC2EPci
                0x00018224       0x2c ./L3_Utils/src/str.o
                0x00018224                str::str(char*, int)
                0x00018224                str::str(char*, int)
 .text._ZN3strD2Ev
                0x00018250       0x24 ./L3_Utils/src/str.o
                0x00018250                str::~str()
                0x00018250                str::~str()
 .text._ZNK3str6getLenEv
                0x00018274        0x6 ./L3_Utils/src/str.o
                0x00018274                str::getLen() const
 .text._ZNK3str11getCapacityEv
                0x0001827a        0x4 ./L3_Utils/src/str.o
                0x0001827a                str::getCapacity() const
 .text._ZN3str5clearEv
                0x0001827e        0x8 ./L3_Utils/src/str.o
                0x0001827e                str::clear()
 .text._ZN3str5scanfEPKcz
                0x00018286       0x1c ./L3_Utils/src/str.o
                0x00018286                str::scanf(char const*, ...)
 .text._ZN3str8tokenizeEPKciz
                0x000182a2       0x4c ./L3_Utils/src/str.o
                0x000182a2                str::tokenize(char const*, int, ...)
 .text._ZNK3str9compareToEPKc
                0x000182ee       0x14 ./L3_Utils/src/str.o
                0x000182ee                str::compareTo(char const*) const
 .text._ZNK3str19compareToIgnoreCaseEPKc
                0x00018302       0x10 ./L3_Utils/src/str.o
                0x00018302                str::compareToIgnoreCase(char const*) const
 .text._ZNK3str22firstIndexOfIgnoreCaseEPKc
                0x00018312       0x80 ./L3_Utils/src/str.o
                0x00018312                str::firstIndexOfIgnoreCase(char const*) const
 .text._ZNK3str18containsIgnoreCaseEPKc
                0x00018392        0xe ./L3_Utils/src/str.o
                0x00018392                str::containsIgnoreCase(char const*) const
 .text._ZNK3str12firstIndexOfEPKc
                0x000183a0       0x16 ./L3_Utils/src/str.o
                0x000183a0                str::firstIndexOf(char const*) const
 .text._ZNK3str10beginsWithEPKc
                0x000183b6       0x2e ./L3_Utils/src/str.o
                0x000183b6                str::beginsWith(char const*) const
 .text._ZNK3str20beginsWithIgnoreCaseEPKc
                0x000183e4       0x2e ./L3_Utils/src/str.o
                0x000183e4                str::beginsWithIgnoreCase(char const*) const
 .text._ZNK3str29beginsWithWholeWordIgnoreCaseEPKcc
                0x00018412       0x38 ./L3_Utils/src/str.o
                0x00018412                str::beginsWithWholeWordIgnoreCase(char const*, char) const
 .text._ZN3str10eraseFirstEi
                0x0001844a       0x28 ./L3_Utils/src/str.o
                0x0001844a                str::eraseFirst(int)
 .text._ZN3str9eraseLastEi
                0x00018472       0x20 ./L3_Utils/src/str.o
                0x00018472                str::eraseLast(int)
 .text._ZN3str10eraseAfterEii
                0x00018492       0x38 ./L3_Utils/src/str.o
                0x00018492                str::eraseAfter(int, int)
 .text._ZN3str5eraseEPKc
                0x000184ca       0x28 ./L3_Utils/src/str.o
                0x000184ca                str::erase(char const*)
 .text._ZN3str15eraseFirstWordsEic
                0x000184f2       0x2a ./L3_Utils/src/str.o
                0x000184f2                str::eraseFirstWords(int, char)
 .text._ZN3str9trimStartEPKc
                0x0001851c       0x40 ./L3_Utils/src/str.o
                0x0001851c                str::trimStart(char const*)
 .text._ZN3str7trimEndEPKc
                0x0001855c       0x3a ./L3_Utils/src/str.o
                0x0001855c                str::trimEnd(char const*)
 .text._ZNK3streqEPKc
                0x00018596        0x4 ./L3_Utils/src/str.o
                0x00018596                str::operator==(char const*) const
 .text._ZNK3strclEv
                0x0001859a        0x4 ./L3_Utils/src/str.o
                0x0001859a                str::operator()() const
 .text._ZNK3strcviEv
                0x0001859e        0x6 ./L3_Utils/src/str.o
                0x0001859e                str::operator int() const
 .text._ZN3strixEi
                0x000185a4       0x14 ./L3_Utils/src/str.o
                0x000185a4                str::operator[](int)
 .text._ZN3str13reAllocateMemEi
                0x000185b8       0x4c ./L3_Utils/src/str.o
                0x000185b8                str::reAllocateMem(int)
 .text._ZN3str4initEi
                0x00018604       0x10 ./L3_Utils/src/str.o
                0x00018604                str::init(int)
 .text._ZN3strC2Ei
                0x00018614        0xc ./L3_Utils/src/str.o
                0x00018614                str::str(int)
                0x00018614                str::str(int)
 .text._ZN3str7reserveEi
                0x00018620        0xe ./L3_Utils/src/str.o
                0x00018620                str::reserve(int)
 .text._ZN3str6printfEPKcz
                0x0001862e       0x42 ./L3_Utils/src/str.o
                0x0001862e                str::printf(char const*, ...)
 .text._ZN3str26ensureMemoryToInsertNCharsEi
                0x00018670       0x22 ./L3_Utils/src/str.o
                0x00018670                str::ensureMemoryToInsertNChars(int)
 .text._ZN3str11insertAtEndEPKc
                0x00018692       0x22 ./L3_Utils/src/str.o
                0x00018692                str::insertAtEnd(char const*)
 .text._ZN3strpLEc
                0x000186b4       0x1a ./L3_Utils/src/str.o
                0x000186b4                str::operator+=(char)
 .text._ZN3str8copyFromEPKc
                0x000186ce       0x3c ./L3_Utils/src/str.o
                0x000186ce                str::copyFrom(char const*)
 .text._ZN3straSEPKc
                0x0001870a        0x4 ./L3_Utils/src/str.o
                0x0001870a                str::operator=(char const*)
 .text.delay_us
                0x0001870e       0x1c ./L3_Utils/src/utilities.o
                0x0001870e                delay_us
 .text.is_freertos_running
                0x0001872a        0xe ./L3_Utils/src/utilities.o
                0x0001872a                is_freertos_running
 .text.delay_ms
                0x00018738       0x22 ./L3_Utils/src/utilities.o
                0x00018738                delay_ms
 *fill*         0x0001875a        0x2 
 .text.adc0_start_conversion
                0x0001875c       0x24 ./L2_Drivers/src/adc.o
 .text.ADC_IRQHandler
                0x00018780       0x44 ./L2_Drivers/src/adc.o
                0x00018780                ADC_IRQHandler
 .text.adc0_init
                0x000187c4       0x74 ./L2_Drivers/src/adc.o
                0x000187c4                adc0_init
 .text.adc0_get_reading
                0x00018838       0x78 ./L2_Drivers/src/adc.o
                0x00018838                adc0_get_reading
 .text.CAN_tx_now
                0x000188b0       0x32 ./L2_Drivers/src/can.o
 *fill*         0x000188e2        0x2 
 .text.CAN_handle_isr
                0x000188e4       0xa4 ./L2_Drivers/src/can.o
 .text.CAN_IRQHandler
                0x00018988       0x28 ./L2_Drivers/src/can.o
                0x00018988                CAN_IRQHandler
 .text.CAN_init
                0x000189b0      0x18c ./L2_Drivers/src/can.o
                0x000189b0                CAN_init
 .text.CAN_rx   0x00018b3c       0x88 ./L2_Drivers/src/can.o
                0x00018b3c                CAN_rx
 .text.CAN_is_bus_off
                0x00018bc4       0x1c ./L2_Drivers/src/can.o
                0x00018bc4                CAN_is_bus_off
 .text.CAN_tx   0x00018be0       0xa8 ./L2_Drivers/src/can.o
                0x00018be0                CAN_tx
 .text.handle_eint_list
                0x00018c88       0x2c ./L2_Drivers/src/eint.o
 .text.eint3_enable.isra.0
                0x00018cb4       0x38 ./L2_Drivers/src/eint.o
 .text.EINT3_IRQHandler
                0x00018cec       0x80 ./L2_Drivers/src/eint.o
                0x00018cec                EINT3_IRQHandler
 .text.eint3_enable_port0
                0x00018d6c       0x30 ./L2_Drivers/src/eint.o
                0x00018d6c                eint3_enable_port0
 .text._ZN4I2C24initEj
                0x00018d9c       0x6c ./L2_Drivers/src/i2c2.o
                0x00018d9c                I2C2::init(unsigned int)
 .text._ZN4I2C2C2Ev
                0x00018e08       0x14 ./L2_Drivers/src/i2c2.o
                0x00018e08                I2C2::I2C2()
                0x00018e08                I2C2::I2C2()
 .text.I2C2_IRQHandler
                0x00018e1c       0x24 ./L2_Drivers/src/i2c2.o
                0x00018e1c                I2C2_IRQHandler
 .text.RIT_IRQHandler
                0x00018e40       0x1c ./L2_Drivers/src/lpc_rit.o
                0x00018e40                RIT_IRQHandler
 .text.lpc_timer_get_struct
                0x00018e5c       0x20 ./L2_Drivers/src/lpc_timers.o
 .text.lpc_timer_enable
                0x00018e7c       0x50 ./L2_Drivers/src/lpc_timers.o
                0x00018e7c                lpc_timer_enable
 .text._ZN12NordicStream5flushEv
                0x00018ecc       0x62 ./L2_Drivers/src/nrf_stream.o
                0x00018ecc                NordicStream::flush()
 *fill*         0x00018f2e        0x2 
 .text._ZN12NordicStreamD2Ev
                0x00018f30       0x14 ./L2_Drivers/src/nrf_stream.o
                0x00018f30                NordicStream::~NordicStream()
                0x00018f30                NordicStream::~NordicStream()
 .text._ZN12NordicStreamD0Ev
                0x00018f44       0x12 ./L2_Drivers/src/nrf_stream.o
                0x00018f44                NordicStream::~NordicStream()
 .text._ZN12NordicStream7putCharEcj
                0x00018f56       0x22 ./L2_Drivers/src/nrf_stream.o
                0x00018f56                NordicStream::putChar(char, unsigned int)
 .text._ZN12NordicStream7getCharEPcj
                0x00018f78       0x40 ./L2_Drivers/src/nrf_stream.o
                0x00018f78                NordicStream::getChar(char*, unsigned int)
 .text._ZN12NordicStreamC2Ev
                0x00018fb8       0x40 ./L2_Drivers/src/nrf_stream.o
                0x00018fb8                NordicStream::NordicStream()
                0x00018fb8                NordicStream::NordicStream()
 .text.rtc_gettime
                0x00018ff8       0x50 ./L2_Drivers/src/rtc.o
                0x00018ff8                rtc_gettime
 .text.rtc_settime
                0x00019048       0x68 ./L2_Drivers/src/rtc.o
                0x00019048                rtc_settime
 .text.rtc_init
                0x000190b0       0xd0 ./L2_Drivers/src/rtc.o
                0x000190b0                rtc_init
 .text.rtc_get_date_time_str
                0x00019180       0x14 ./L2_Drivers/src/rtc.o
                0x00019180                rtc_get_date_time_str
 .text.ssp1_dma_init
                0x00019194       0x1c ./L2_Drivers/src/spi_dma.o
                0x00019194                ssp1_dma_init
 .text.ssp1_dma_transfer_block
                0x000191b0       0xc4 ./L2_Drivers/src/spi_dma.o
                0x000191b0                ssp1_dma_transfer_block
 .text.spi1_lock
                0x00019274       0x30 ./L2_Drivers/src/spi_sem.o
                0x00019274                spi1_lock
 .text.spi1_unlock
                0x000192a4       0x24 ./L2_Drivers/src/spi_sem.o
                0x000192a4                spi1_unlock
 .text._ZN5Uart0D2Ev
                0x000192c8       0x14 ./L2_Drivers/src/uart0.o
                0x000192c8                Uart0::~Uart0()
                0x000192c8                Uart0::~Uart0()
 .text._ZN5Uart0D0Ev
                0x000192dc       0x12 ./L2_Drivers/src/uart0.o
                0x000192dc                Uart0::~Uart0()
 *fill*         0x000192ee        0x2 
 .text._ZN5Uart04initEjii
                0x000192f0       0x40 ./L2_Drivers/src/uart0.o
                0x000192f0                Uart0::init(unsigned int, int, int)
 .text._ZN5Uart0C2Ev
                0x00019330       0x1c ./L2_Drivers/src/uart0.o
                0x00019330                Uart0::Uart0()
                0x00019330                Uart0::Uart0()
 .text.UART0_IRQHandler
                0x0001934c       0x24 ./L2_Drivers/src/uart0.o
                0x0001934c                UART0_IRQHandler
 .text._ZN5Uart2D2Ev
                0x00019370       0x14 ./L2_Drivers/src/uart2.o
                0x00019370                Uart2::~Uart2()
                0x00019370                Uart2::~Uart2()
 .text._ZN5Uart2D0Ev
                0x00019384       0x12 ./L2_Drivers/src/uart2.o
                0x00019384                Uart2::~Uart2()
 *fill*         0x00019396        0x2 
 .text._ZN5Uart2C2Ev
                0x00019398       0x1c ./L2_Drivers/src/uart2.o
                0x00019398                Uart2::Uart2()
                0x00019398                Uart2::Uart2()
 .text.UART2_IRQHandler
                0x000193b4       0x24 ./L2_Drivers/src/uart2.o
                0x000193b4                UART2_IRQHandler
 .text._ZN5Uart3D2Ev
                0x000193d8       0x14 ./L2_Drivers/src/uart3.o
                0x000193d8                Uart3::~Uart3()
                0x000193d8                Uart3::~Uart3()
 .text._ZN5Uart3D0Ev
                0x000193ec       0x12 ./L2_Drivers/src/uart3.o
                0x000193ec                Uart3::~Uart3()
 *fill*         0x000193fe        0x2 
 .text._ZN5Uart34initEjii
                0x00019400       0x40 ./L2_Drivers/src/uart3.o
                0x00019400                Uart3::init(unsigned int, int, int)
 .text._ZN5Uart3C2Ev
                0x00019440       0x1c ./L2_Drivers/src/uart3.o
                0x00019440                Uart3::Uart3()
                0x00019440                Uart3::Uart3()
 .text.UART3_IRQHandler
                0x0001945c       0x24 ./L2_Drivers/src/uart3.o
                0x0001945c                UART3_IRQHandler
 .text._ZN7CharDev5flushEv
                0x00019480        0x4 ./L2_Drivers/base/char_dev.o
                0x00019480                CharDev::flush()
 .text._ZN7CharDev3putEPKcj
                0x00019484       0x26 ./L2_Drivers/base/char_dev.o
                0x00019484                CharDev::put(char const*, unsigned int)
 *fill*         0x000194aa        0x2 
 .text._ZN7CharDev7putlineEPKcj
                0x000194ac       0x1c ./L2_Drivers/base/char_dev.o
                0x000194ac                CharDev::putline(char const*, unsigned int)
 .text._ZN7CharDev4getsEPcij
                0x000194c8       0x50 ./L2_Drivers/base/char_dev.o
                0x000194c8                CharDev::gets(char*, int, unsigned int)
 .text._ZN7CharDev6printfEPKcz
                0x00019518       0x78 ./L2_Drivers/base/char_dev.o
                0x00019518                CharDev::printf(char const*, ...)
 .text._ZN7CharDevC2Ev
                0x00019590       0x20 ./L2_Drivers/base/char_dev.o
                0x00019590                CharDev::CharDev()
                0x00019590                CharDev::CharDev()
 .text._ZN7CharDevD2Ev
                0x000195b0       0x18 ./L2_Drivers/base/char_dev.o
                0x000195b0                CharDev::~CharDev()
                0x000195b0                CharDev::~CharDev()
 .text._ZN8I2C_Base8transferEhhPhm
                0x000195c8       0xda ./L2_Drivers/base/i2c_base.o
                0x000195c8                I2C_Base::transfer(unsigned char, unsigned char, unsigned char*, unsigned long)
 .text._ZN8I2C_Base13readRegistersEhhPhm
                0x000196a2        0x8 ./L2_Drivers/base/i2c_base.o
                0x000196a2                I2C_Base::readRegisters(unsigned char, unsigned char, unsigned char*, unsigned long)
 .text._ZN8I2C_Base7readRegEhh
                0x000196aa       0x1a ./L2_Drivers/base/i2c_base.o
                0x000196aa                I2C_Base::readReg(unsigned char, unsigned char)
 .text._ZN8I2C_Base14writeRegistersEhhPhm
                0x000196c4        0x8 ./L2_Drivers/base/i2c_base.o
                0x000196c4                I2C_Base::writeRegisters(unsigned char, unsigned char, unsigned char*, unsigned long)
 .text._ZN8I2C_Base8writeRegEhhh
                0x000196cc       0x16 ./L2_Drivers/base/i2c_base.o
                0x000196cc                I2C_Base::writeReg(unsigned char, unsigned char, unsigned char)
 .text._ZN8I2C_Base19checkDeviceResponseEh
                0x000196e2       0x16 ./L2_Drivers/base/i2c_base.o
                0x000196e2                I2C_Base::checkDeviceResponse(unsigned char)
 .text._ZN8I2C_BaseC2EP15LPC_I2C_TypeDef
                0x000196f8       0x50 ./L2_Drivers/base/i2c_base.o
                0x000196f8                I2C_Base::I2C_Base(LPC_I2C_TypeDef*)
                0x000196f8                I2C_Base::I2C_Base(LPC_I2C_TypeDef*)
 .text._ZN8I2C_Base4initEmm
                0x00019748       0x8c ./L2_Drivers/base/i2c_base.o
                0x00019748                I2C_Base::init(unsigned long, unsigned long)
 .text._ZN8I2C_Base15i2cStateMachineEv
                0x000197d4      0x122 ./L2_Drivers/base/i2c_base.o
                0x000197d4                I2C_Base::i2cStateMachine()
 *fill*         0x000198f6        0x2 
 .text._ZN8I2C_Base15handleInterruptEv
                0x000198f8       0x34 ./L2_Drivers/base/i2c_base.o
                0x000198f8                I2C_Base::handleInterrupt()
 .text._ZN7UartDevD2Ev
                0x0001992c       0x14 ./L2_Drivers/base/uart_dev.o
                0x0001992c                UartDev::~UartDev()
                0x0001992c                UartDev::~UartDev()
 .text._ZN7UartDevD0Ev
                0x00019940       0x12 ./L2_Drivers/base/uart_dev.o
                0x00019940                UartDev::~UartDev()
 .text._ZN7UartDev7putCharEcj
                0x00019952       0x5a ./L2_Drivers/base/uart_dev.o
                0x00019952                UartDev::putChar(char, unsigned int)
 .text._ZN7UartDev5flushEv
                0x000199ac       0x20 ./L2_Drivers/base/uart_dev.o
                0x000199ac                UartDev::flush()
 .text._ZN7UartDev7getCharEPcj
                0x000199cc       0x6c ./L2_Drivers/base/uart_dev.o
                0x000199cc                UartDev::getChar(char*, unsigned int)
 .text._ZN7UartDev11setBaudRateEj
                0x00019a38       0x3c ./L2_Drivers/base/uart_dev.o
                0x00019a38                UartDev::setBaudRate(unsigned int)
 .text._ZN7UartDev15handleInterruptEv
                0x00019a74       0xbc ./L2_Drivers/base/uart_dev.o
                0x00019a74                UartDev::handleInterrupt()
 .text._ZN7UartDevC2EPj
                0x00019b30       0x28 ./L2_Drivers/base/uart_dev.o
                0x00019b30                UartDev::UartDev(unsigned int*)
                0x00019b30                UartDev::UartDev(unsigned int*)
 .text._ZN7UartDev4initEjjii
                0x00019b58       0xb0 ./L2_Drivers/base/uart_dev.o
                0x00019b58                UartDev::init(unsigned int, unsigned int, int, int)
 .text.vListInitialise
                0x00019c08       0x16 ./L1_FreeRTOS/src/list.o
                0x00019c08                vListInitialise
 .text.vListInitialiseItem
                0x00019c1e        0x6 ./L1_FreeRTOS/src/list.o
                0x00019c1e                vListInitialiseItem
 .text.vListInsertEnd
                0x00019c24       0x18 ./L1_FreeRTOS/src/list.o
                0x00019c24                vListInsertEnd
 .text.vListInsert
                0x00019c3c       0x30 ./L1_FreeRTOS/src/list.o
                0x00019c3c                vListInsert
 .text.uxListRemove
                0x00019c6c       0x20 ./L1_FreeRTOS/src/list.o
                0x00019c6c                uxListRemove
 .text.prvCopyDataToQueue
                0x00019c8c       0x70 ./L1_FreeRTOS/src/queue.o
 .text.prvNotifyQueueSetContainer
                0x00019cfc       0x4a ./L1_FreeRTOS/src/queue.o
 .text.prvCopyDataFromQueue
                0x00019d46       0x28 ./L1_FreeRTOS/src/queue.o
 .text.prvUnlockQueue
                0x00019d6e       0x78 ./L1_FreeRTOS/src/queue.o
 *fill*         0x00019de6        0x2 
 .text.xQueueGenericReset
                0x00019de8       0x6c ./L1_FreeRTOS/src/queue.o
                0x00019de8                xQueueGenericReset
 .text.xQueueGenericCreate
                0x00019e54       0x38 ./L1_FreeRTOS/src/queue.o
                0x00019e54                xQueueGenericCreate
 .text.xQueueCreateCountingSemaphore
                0x00019e8c       0x12 ./L1_FreeRTOS/src/queue.o
                0x00019e8c                xQueueCreateCountingSemaphore
 *fill*         0x00019e9e        0x2 
 .text.xQueueGenericSend
                0x00019ea0      0x104 ./L1_FreeRTOS/src/queue.o
                0x00019ea0                xQueueGenericSend
 .text.xQueueCreateMutex
                0x00019fa4       0x24 ./L1_FreeRTOS/src/queue.o
                0x00019fa4                xQueueCreateMutex
 .text.xQueueGenericSendFromISR
                0x00019fc8       0x7c ./L1_FreeRTOS/src/queue.o
                0x00019fc8                xQueueGenericSendFromISR
 .text.xQueueGiveFromISR
                0x0001a044       0x62 ./L1_FreeRTOS/src/queue.o
                0x0001a044                xQueueGiveFromISR
 *fill*         0x0001a0a6        0x2 
 .text.xQueueGenericReceive
                0x0001a0a8      0x128 ./L1_FreeRTOS/src/queue.o
                0x0001a0a8                xQueueGenericReceive
 .text.xQueueReceiveFromISR
                0x0001a1d0       0x64 ./L1_FreeRTOS/src/queue.o
                0x0001a1d0                xQueueReceiveFromISR
 .text.uxQueueMessagesWaiting
                0x0001a234       0x12 ./L1_FreeRTOS/src/queue.o
                0x0001a234                uxQueueMessagesWaiting
 .text.uxQueueMessagesWaitingFromISR
                0x0001a246        0x4 ./L1_FreeRTOS/src/queue.o
                0x0001a246                uxQueueMessagesWaitingFromISR
 .text.xQueueSelectFromSet
                0x0001a24a       0x18 ./L1_FreeRTOS/src/queue.o
                0x0001a24a                xQueueSelectFromSet
 .text.prvResetRunTimeStatsInList
                0x0001a262       0x2e ./L1_FreeRTOS/src/tasks.o
 .text.prvIdleTask
                0x0001a290       0x28 ./L1_FreeRTOS/src/tasks.o
 .text.prvResetNextTaskUnblockTime
                0x0001a2b8       0x24 ./L1_FreeRTOS/src/tasks.o
 .text.prvAddCurrentTaskToDelayedList
                0x0001a2dc       0x90 ./L1_FreeRTOS/src/tasks.o
 .text.xTaskCreate
                0x0001a36c      0x1a4 ./L1_FreeRTOS/src/tasks.o
                0x0001a36c                xTaskCreate
 .text.eTaskGetState
                0x0001a510       0x54 ./L1_FreeRTOS/src/tasks.o
                0x0001a510                eTaskGetState
 .text.vTaskStartScheduler
                0x0001a564       0x64 ./L1_FreeRTOS/src/tasks.o
                0x0001a564                vTaskStartScheduler
 .text.vTaskEndScheduler
                0x0001a5c8       0x20 ./L1_FreeRTOS/src/tasks.o
                0x0001a5c8                vTaskEndScheduler
 .text.vTaskSuspendAll
                0x0001a5e8       0x10 ./L1_FreeRTOS/src/tasks.o
                0x0001a5e8                vTaskSuspendAll
 .text.xTaskGetTickCount
                0x0001a5f8        0xc ./L1_FreeRTOS/src/tasks.o
                0x0001a5f8                xTaskGetTickCount
 .text.xTaskGetTickCountFromISR
                0x0001a604        0xc ./L1_FreeRTOS/src/tasks.o
                0x0001a604                xTaskGetTickCountFromISR
 .text.uxTaskGetNumberOfTasks
                0x0001a610        0xc ./L1_FreeRTOS/src/tasks.o
                0x0001a610                uxTaskGetNumberOfTasks
 .text.xTaskIncrementTick
                0x0001a61c       0xfc ./L1_FreeRTOS/src/tasks.o
                0x0001a61c                xTaskIncrementTick
 .text.xTaskResumeAll
                0x0001a718       0xd0 ./L1_FreeRTOS/src/tasks.o
                0x0001a718                xTaskResumeAll
 .text.vTaskDelayUntil
                0x0001a7e8       0x5c ./L1_FreeRTOS/src/tasks.o
                0x0001a7e8                vTaskDelayUntil
 .text.vTaskDelay
                0x0001a844       0x34 ./L1_FreeRTOS/src/tasks.o
                0x0001a844                vTaskDelay
 .text.vTaskSwitchContext
                0x0001a878       0xc4 ./L1_FreeRTOS/src/tasks.o
                0x0001a878                vTaskSwitchContext
 .text.vTaskSuspend
                0x0001a93c       0xb4 ./L1_FreeRTOS/src/tasks.o
                0x0001a93c                vTaskSuspend
 .text.vTaskPlaceOnEventList
                0x0001a9f0       0x20 ./L1_FreeRTOS/src/tasks.o
                0x0001a9f0                vTaskPlaceOnEventList
 .text.xTaskRemoveFromEventList
                0x0001aa10       0x6c ./L1_FreeRTOS/src/tasks.o
                0x0001aa10                xTaskRemoveFromEventList
 .text.vTaskSetTimeOutState
                0x0001aa7c       0x18 ./L1_FreeRTOS/src/tasks.o
                0x0001aa7c                vTaskSetTimeOutState
 .text.xTaskCheckForTimeOut
                0x0001aa94       0x4c ./L1_FreeRTOS/src/tasks.o
                0x0001aa94                xTaskCheckForTimeOut
 .text.vTaskMissedYield
                0x0001aae0        0xc ./L1_FreeRTOS/src/tasks.o
                0x0001aae0                vTaskMissedYield
 .text.vTaskGetInfo
                0x0001aaec       0x80 ./L1_FreeRTOS/src/tasks.o
                0x0001aaec                vTaskGetInfo
 .text.prvListTasksWithinSingleList
                0x0001ab6c       0x5a ./L1_FreeRTOS/src/tasks.o
 *fill*         0x0001abc6        0x2 
 .text.uxTaskGetSystemState
                0x0001abc8       0x94 ./L1_FreeRTOS/src/tasks.o
                0x0001abc8                uxTaskGetSystemState
 .text.uxTaskGetStackHighWaterMark
                0x0001ac5c       0x20 ./L1_FreeRTOS/src/tasks.o
                0x0001ac5c                uxTaskGetStackHighWaterMark
 .text.xTaskGetSchedulerState
                0x0001ac7c       0x20 ./L1_FreeRTOS/src/tasks.o
                0x0001ac7c                xTaskGetSchedulerState
 .text.vTaskPriorityInherit
                0x0001ac9c       0x94 ./L1_FreeRTOS/src/tasks.o
                0x0001ac9c                vTaskPriorityInherit
 .text.xTaskPriorityDisinherit
                0x0001ad30       0x70 ./L1_FreeRTOS/src/tasks.o
                0x0001ad30                xTaskPriorityDisinherit
 .text.pvTaskIncrementMutexHeldCount
                0x0001ada0       0x18 ./L1_FreeRTOS/src/tasks.o
                0x0001ada0                pvTaskIncrementMutexHeldCount
 .text.vTaskResetRunTimeStats
                0x0001adb8       0x70 ./L1_FreeRTOS/src/tasks.o
                0x0001adb8                vTaskResetRunTimeStats
 .text.vRunTimeStatIsrEntry
                0x0001ae28       0x28 ./L1_FreeRTOS/src/tasks.o
                0x0001ae28                vRunTimeStatIsrEntry
 .text.vRunTimeStatIsrExit
                0x0001ae50       0x10 ./L1_FreeRTOS/src/tasks.o
                0x0001ae50                vRunTimeStatIsrExit
 .text.prvTaskExitError
                0x0001ae60       0x12 ./L1_FreeRTOS/portable/no_mpu/port.o
 *fill*         0x0001ae72        0x2 
 .text.prvPortStartFirstTask
                0x0001ae74       0x20 ./L1_FreeRTOS/portable/no_mpu/port.o
 .text.pxPortInitialiseStack
                0x0001ae94       0x24 ./L1_FreeRTOS/portable/no_mpu/port.o
                0x0001ae94                pxPortInitialiseStack
 *fill*         0x0001aeb8        0x8 
 .text.vPortSVCHandler
                0x0001aec0       0x30 ./L1_FreeRTOS/portable/no_mpu/port.o
                0x0001aec0                vPortSVCHandler
 .text.vPortEndScheduler
                0x0001aef0        0x2 ./L1_FreeRTOS/portable/no_mpu/port.o
                0x0001aef0                vPortEndScheduler
 *fill*         0x0001aef2        0x2 
 .text.vPortEnterCritical
                0x0001aef4       0x20 ./L1_FreeRTOS/portable/no_mpu/port.o
                0x0001aef4                vPortEnterCritical
 .text.vPortExitCritical
                0x0001af14       0x14 ./L1_FreeRTOS/portable/no_mpu/port.o
                0x0001af14                vPortExitCritical
 *fill*         0x0001af28        0x8 
 .text.xPortPendSVHandler
                0x0001af30       0x50 ./L1_FreeRTOS/portable/no_mpu/port.o
                0x0001af30                xPortPendSVHandler
 .text.xPortSysTickHandler
                0x0001af80       0x2c ./L1_FreeRTOS/portable/no_mpu/port.o
                0x0001af80                xPortSysTickHandler
 .text.vPortSetupTimerInterrupt
                0x0001afac       0x14 ./L1_FreeRTOS/portable/no_mpu/port.o
                0x0001afac                vPortSetupTimerInterrupt
 .text.xPortStartScheduler
                0x0001afc0       0x30 ./L1_FreeRTOS/portable/no_mpu/port.o
                0x0001afc0                xPortStartScheduler
 .text.rts_not_full_trace_init
                0x0001aff0       0x14 ./L1_FreeRTOS/portable/run_time_stats.o
                0x0001aff0                rts_not_full_trace_init
 .text.rts_not_full_trace_get
                0x0001b004       0x14 ./L1_FreeRTOS/portable/run_time_stats.o
                0x0001b004                rts_not_full_trace_get
 .text.rts_not_full_trace_reset
                0x0001b018       0x14 ./L1_FreeRTOS/portable/run_time_stats.o
                0x0001b018                rts_not_full_trace_reset
 .text.vApplicationIdleHook
                0x0001b02c        0x4 ./L1_FreeRTOS/hooks/hooks.o
                0x0001b02c                vApplicationIdleHook
 .text.vApplicationStackOverflowHook
                0x0001b030       0x38 ./L1_FreeRTOS/hooks/hooks.o
                0x0001b030                vApplicationStackOverflowHook
 .text.vApplicationMallocFailedHook
                0x0001b068       0x24 ./L1_FreeRTOS/hooks/hooks.o
                0x0001b068                vApplicationMallocFailedHook
 .text.pvPortMalloc
                0x0001b08c       0x1e ./L1_FreeRTOS/MemMang/freertos_mem_man.o
                0x0001b08c                pvPortMalloc
 .text.vPortFree
                0x0001b0aa       0x1a ./L1_FreeRTOS/MemMang/freertos_mem_man.o
                0x0001b0aa                vPortFree
 .text.__set_PSP
                0x0001b0c4        0x6 ./L0_LowLevel/source/core_cm3.o
                0x0001b0c4                __set_PSP
 .text.__set_MSP
                0x0001b0ca        0x6 ./L0_LowLevel/source/core_cm3.o
                0x0001b0ca                __set_MSP
 .text.__set_BASEPRI
                0x0001b0d0        0x6 ./L0_LowLevel/source/core_cm3.o
                0x0001b0d0                __set_BASEPRI
 *fill*         0x0001b0d6        0x2 
 .text.sys_get_boot_type
                0x0001b0d8        0xc ./L0_LowLevel/source/low_level_init.o
                0x0001b0d8                sys_get_boot_type
 .text.sys_get_boot_time
                0x0001b0e4       0x14 ./L0_LowLevel/source/low_level_init.o
                0x0001b0e4                sys_get_boot_time
 .text._Z14low_level_initv
                0x0001b0f8      0x238 ./L0_LowLevel/source/low_level_init.o
                0x0001b0f8                low_level_init()
 .text.lpc_pconp
                0x0001b330       0x30 ./L0_LowLevel/source/lpc_peripherals.o
                0x0001b330                lpc_pconp
 .text.lpc_pclk
                0x0001b360       0x4c ./L0_LowLevel/source/lpc_peripherals.o
                0x0001b360                lpc_pclk
 .text.lpc_sys_setup_system_timer
                0x0001b3ac       0x54 ./L0_LowLevel/source/lpc_sys.o
                0x0001b3ac                lpc_sys_setup_system_timer
 .text.sys_get_uptime_us
                0x0001b400       0x28 ./L0_LowLevel/source/lpc_sys.o
                0x0001b400                sys_get_uptime_us
 .text.sys_get_mem_info_str
                0x0001b428       0x38 ./L0_LowLevel/source/lpc_sys.o
                0x0001b428                sys_get_mem_info_str
 .text.TIMER1_IRQHandler
                0x0001b460       0xbc ./L0_LowLevel/source/lpc_sys.o
                0x0001b460                TIMER1_IRQHandler
 .text.isr_forwarder_routine
                0x0001b51c       0x3c ./L0_LowLevel/source/startup.o
 .text.isr_hard_fault_handler
                0x0001b558       0x58 ./L0_LowLevel/source/startup.o
                0x0001b558                isr_hard_fault_handler
 .text._ZL19sys_clock_pll0_feedv
                0x0001b5b0       0x14 ./L0_LowLevel/source/sys_clock.o
 .text._ZL23sys_clock_configure_plljjPiS_S_.constprop.0
                0x0001b5c4       0x7c ./L0_LowLevel/source/sys_clock.o
 .text._Z19sys_clock_configurev
                0x0001b640       0xb0 ./L0_LowLevel/source/sys_clock.o
                0x0001b640                sys_clock_configure()
 .text.sys_get_cpu_clock
                0x0001b6f0       0xa4 ./L0_LowLevel/source/sys_clock.o
                0x0001b6f0                sys_get_cpu_clock
 .text.uart0_init
                0x0001b794       0x60 ./L0_LowLevel/source/uart0_min.o
                0x0001b794                uart0_init
 .text.uart0_getchar
                0x0001b7f4       0x18 ./L0_LowLevel/source/uart0_min.o
                0x0001b7f4                uart0_getchar
 .text.uart0_putchar
                0x0001b80c       0x18 ./L0_LowLevel/source/uart0_min.o
                0x0001b80c                uart0_putchar
 .text.uart0_puts
                0x0001b824       0x1a ./L0_LowLevel/source/uart0_min.o
                0x0001b824                uart0_puts
 .text._ZNK10__cxxabiv117__class_type_info11__do_upcastEPKS0_PPv
                0x0001b83e       0x34 c:/cmpe244/toolchain/bin/../lib/gcc/arm-none-eabi/4.9.3/../../../../arm-none-eabi/lib/armv7-m\libstdc++_nano.a(class_type_info.o)
                0x0001b83e                __cxxabiv1::__class_type_info::__do_upcast(__cxxabiv1::__class_type_info const*, void**) const
 .text._ZNK10__cxxabiv117__class_type_info20__do_find_public_srcEiPKvPKS0_S2_
                0x0001b872        0xc c:/cmpe244/toolchain/bin/../lib/gcc/arm-none-eabi/4.9.3/../../../../arm-none-eabi/lib/armv7-m\libstdc++_nano.a(class_type_info.o)
                0x0001b872                __cxxabiv1::__class_type_info::__do_find_public_src(int, void const*, __cxxabiv1::__class_type_info const*, void const*) const
 *fill*         0x0001b87e        0x2 
 .text._ZN10__cxxabiv117__class_type_infoD2Ev
                0x0001b880       0x14 c:/cmpe244/toolchain/bin/../lib/gcc/arm-none-eabi/4.9.3/../../../../arm-none-eabi/lib/armv7-m\libstdc++_nano.a(class_type_info.o)
                0x0001b880                __cxxabiv1::__class_type_info::~__class_type_info()
                0x0001b880                __cxxabiv1::__class_type_info::~__class_type_info()
 .text._ZN10__cxxabiv117__class_type_infoD0Ev
                0x0001b894       0x12 c:/cmpe244/toolchain/bin/../lib/gcc/arm-none-eabi/4.9.3/../../../../arm-none-eabi/lib/armv7-m\libstdc++_nano.a(class_type_info.o)
                0x0001b894                __cxxabiv1::__class_type_info::~__class_type_info()
 .text._ZNK10__cxxabiv117__class_type_info11__do_upcastEPKS0_PKvRNS0_15__upcast_resultE
                0x0001b8a6       0x18 c:/cmpe244/toolchain/bin/../lib/gcc/arm-none-eabi/4.9.3/../../../../arm-none-eabi/lib/armv7-m\libstdc++_nano.a(class_type_info.o)
                0x0001b8a6                __cxxabiv1::__class_type_info::__do_upcast(__cxxabiv1::__class_type_info const*, void const*, __cxxabiv1::__class_type_info::__upcast_result&) const
 .text._ZNK10__cxxabiv117__class_type_info10__do_catchEPKSt9type_infoPPvj
                0x0001b8be       0x2a c:/cmpe244/toolchain/bin/../lib/gcc/arm-none-eabi/4.9.3/../../../../arm-none-eabi/lib/armv7-m\libstdc++_nano.a(class_type_info.o)
                0x0001b8be                __cxxabiv1::__class_type_info::__do_catch(std::type_info const*, void**, unsigned int) const
 .text._ZNK10__cxxabiv117__class_type_info12__do_dyncastEiNS0_10__sub_kindEPKS0_PKvS3_S5_RNS0_16__dyncast_resultE
                0x0001b8e8       0x38 c:/cmpe244/toolchain/bin/../lib/gcc/arm-none-eabi/4.9.3/../../../../arm-none-eabi/lib/armv7-m\libstdc++_nano.a(class_type_info.o)
                0x0001b8e8                __cxxabiv1::__class_type_info::__do_dyncast(int, __cxxabiv1::__class_type_info::__sub_kind, __cxxabiv1::__class_type_info const*, void const*, __cxxabiv1::__class_type_info const*, void const*, __cxxabiv1::__class_type_info::__dyncast_result&) const
 .text.__cxa_guard_acquire
                0x0001b920       0x18 c:/cmpe244/toolchain/bin/../lib/gcc/arm-none-eabi/4.9.3/../../../../arm-none-eabi/lib/armv7-m\libstdc++_nano.a(guard.o)
                0x0001b920                __cxa_guard_acquire
 .text.__cxa_guard_release
                0x0001b938        0x6 c:/cmpe244/toolchain/bin/../lib/gcc/arm-none-eabi/4.9.3/../../../../arm-none-eabi/lib/armv7-m\libstdc++_nano.a(guard.o)
                0x0001b938                __cxa_guard_release
 *fill*         0x0001b93e        0x2 
 .text._ZN10__cxxabiv121__vmi_class_type_infoD2Ev
                0x0001b940       0x14 c:/cmpe244/toolchain/bin/../lib/gcc/arm-none-eabi/4.9.3/../../../../arm-none-eabi/lib/armv7-m\libstdc++_nano.a(vmi_class_type_info.o)
                0x0001b940                __cxxabiv1::__vmi_class_type_info::~__vmi_class_type_info()
                0x0001b940                __cxxabiv1::__vmi_class_type_info::~__vmi_class_type_info()
 .text._ZN10__cxxabiv121__vmi_class_type_infoD0Ev
                0x0001b954       0x12 c:/cmpe244/toolchain/bin/../lib/gcc/arm-none-eabi/4.9.3/../../../../arm-none-eabi/lib/armv7-m\libstdc++_nano.a(vmi_class_type_info.o)
                0x0001b954                __cxxabiv1::__vmi_class_type_info::~__vmi_class_type_info()
 .text._ZNK10__cxxabiv121__vmi_class_type_info20__do_find_public_srcEiPKvPKNS_17__class_type_infoES2_
                0x0001b966       0x76 c:/cmpe244/toolchain/bin/../lib/gcc/arm-none-eabi/4.9.3/../../../../arm-none-eabi/lib/armv7-m\libstdc++_nano.a(vmi_class_type_info.o)
                0x0001b966                __cxxabiv1::__vmi_class_type_info::__do_find_public_src(int, void const*, __cxxabiv1::__class_type_info const*, void const*) const
 .text._ZNK10__cxxabiv117__class_type_info17__find_public_srcEiPKvPKS0_S2_
                0x0001b9dc       0x2a c:/cmpe244/toolchain/bin/../lib/gcc/arm-none-eabi/4.9.3/../../../../arm-none-eabi/lib/armv7-m\libstdc++_nano.a(vmi_class_type_info.o)
                0x0001b9dc                __cxxabiv1::__class_type_info::__find_public_src(int, void const*, __cxxabiv1::__class_type_info const*, void const*) const
 .text._ZNK10__cxxabiv121__vmi_class_type_info12__do_dyncastEiNS_17__class_type_info10__sub_kindEPKS1_PKvS4_S6_RNS1_16__dyncast_resultE
                0x0001ba06      0x284 c:/cmpe244/toolchain/bin/../lib/gcc/arm-none-eabi/4.9.3/../../../../arm-none-eabi/lib/armv7-m\libstdc++_nano.a(vmi_class_type_info.o)
                0x0001ba06                __cxxabiv1::__vmi_class_type_info::__do_dyncast(int, __cxxabiv1::__class_type_info::__sub_kind, __cxxabiv1::__class_type_info const*, void const*, __cxxabiv1::__class_type_info const*, void const*, __cxxabiv1::__class_type_info::__dyncast_result&) const
 .text._ZNK10__cxxabiv121__vmi_class_type_info11__do_upcastEPKNS_17__class_type_infoEPKvRNS1_15__upcast_resultE
                0x0001bc8a      0x12e c:/cmpe244/toolchain/bin/../lib/gcc/arm-none-eabi/4.9.3/../../../../arm-none-eabi/lib/armv7-m\libstdc++_nano.a(vmi_class_type_info.o)
                0x0001bc8a                __cxxabiv1::__vmi_class_type_info::__do_upcast(__cxxabiv1::__class_type_info const*, void const*, __cxxabiv1::__class_type_info::__upcast_result&) const
 .text._ZN10__cxxabiv120__si_class_type_infoD2Ev
                0x0001bdb8       0x14 c:/cmpe244/toolchain/bin/../lib/gcc/arm-none-eabi/4.9.3/../../../../arm-none-eabi/lib/armv7-m\libstdc++_nano.a(si_class_type_info.o)
                0x0001bdb8                __cxxabiv1::__si_class_type_info::~__si_class_type_info()
                0x0001bdb8                __cxxabiv1::__si_class_type_info::~__si_class_type_info()
 .text._ZN10__cxxabiv120__si_class_type_infoD0Ev
                0x0001bdcc       0x12 c:/cmpe244/toolchain/bin/../lib/gcc/arm-none-eabi/4.9.3/../../../../arm-none-eabi/lib/armv7-m\libstdc++_nano.a(si_class_type_info.o)
                0x0001bdcc                __cxxabiv1::__si_class_type_info::~__si_class_type_info()
 .text._ZNK10__cxxabiv120__si_class_type_info20__do_find_public_srcEiPKvPKNS_17__class_type_infoES2_
                0x0001bdde       0x38 c:/cmpe244/toolchain/bin/../lib/gcc/arm-none-eabi/4.9.3/../../../../arm-none-eabi/lib/armv7-m\libstdc++_nano.a(si_class_type_info.o)